Component: Arm Compiler for Embedded 6.22 Tool: armlink [5ee90200]

==============================================================================

Section Cross References

    debug.o(.text.Init_Debug_Signals) refers to debug.o(.data.debug_GPIO) for debug_GPIO
    debug.o(.ARM.exidx.text.Init_Debug_Signals) refers to debug.o(.text.Init_Debug_Signals) for [Anonymous Symbol]
    debug.o(.text.Debug_Set) refers to debug.o(.data.debug_GPIO) for debug_GPIO
    debug.o(.ARM.exidx.text.Debug_Set) refers to debug.o(.text.Debug_Set) for [Anonymous Symbol]
    delay.o(.text.Delay) refers to uidiv_div0.o(.text) for __aeabi_uidiv
    delay.o(.text.Delay) refers to system_mkl25z4.o(.data.SystemCoreClock) for SystemCoreClock
    delay.o(.ARM.exidx.text.Delay) refers to delay.o(.text.Delay) for [Anonymous Symbol]
    delay.o(.text.ShortDelay) refers to uidiv_div0.o(.text) for __aeabi_uidiv
    delay.o(.text.ShortDelay) refers to system_mkl25z4.o(.data.SystemCoreClock) for SystemCoreClock
    delay.o(.ARM.exidx.text.ShortDelay) refers to delay.o(.text.ShortDelay) for [Anonymous Symbol]
    dma.o(.ARM.exidx.text.DMA_Init) refers to dma.o(.text.DMA_Init) for [Anonymous Symbol]
    dma.o(.text.Configure_DMA_For_Playback) refers to dma.o(.bss.Reload_DMA_Byte_Count) for Reload_DMA_Byte_Count
    dma.o(.text.Configure_DMA_For_Playback) refers to dma.o(.bss.DMA_Playback_Count) for DMA_Playback_Count
    dma.o(.text.Configure_DMA_For_Playback) refers to dma.o(.bss.Reload_DMA_Source) for Reload_DMA_Source
    dma.o(.ARM.exidx.text.Configure_DMA_For_Playback) refers to dma.o(.text.Configure_DMA_For_Playback) for [Anonymous Symbol]
    dma.o(.text.Get_DMA_Transfers_Completed) refers to dma.o(.bss.Reload_DMA_Byte_Count) for Reload_DMA_Byte_Count
    dma.o(.ARM.exidx.text.Get_DMA_Transfers_Completed) refers to dma.o(.text.Get_DMA_Transfers_Completed) for [Anonymous Symbol]
    dma.o(.text.Start_DMA_Playback) refers to timers.o(.text.TPM2_Start) for TPM2_Start
    dma.o(.text.Start_DMA_Playback) refers to sound.o(.bss.WriteSBNum) for WriteSBNum
    dma.o(.text.Start_DMA_Playback) refers to dma.o(.bss.Reload_DMA_Source) for Reload_DMA_Source
    dma.o(.text.Start_DMA_Playback) refers to dma.o(.bss.Reload_DMA_Byte_Count) for Reload_DMA_Byte_Count
    dma.o(.ARM.exidx.text.Start_DMA_Playback) refers to dma.o(.text.Start_DMA_Playback) for [Anonymous Symbol]
    dma.o(.text.DMA0_IRQHandler) refers to rtx_thread.o(.text.osThreadFlagsSet) for osThreadFlagsSet
    dma.o(.text.DMA0_IRQHandler) refers to sound.o(.bss.WriteSBNum) for WriteSBNum
    dma.o(.text.DMA0_IRQHandler) refers to dma.o(.bss.Reload_DMA_Source) for Reload_DMA_Source
    dma.o(.text.DMA0_IRQHandler) refers to dma.o(.bss.Reload_DMA_Byte_Count) for Reload_DMA_Byte_Count
    dma.o(.text.DMA0_IRQHandler) refers to sound.o(.bss.t_Refill_SoundBuffer) for t_Refill_SoundBuffer
    dma.o(.ARM.exidx.text.DMA0_IRQHandler) refers to dma.o(.text.DMA0_IRQHandler) for [Anonymous Symbol]
    i2c.o(.ARM.exidx.text.i2c_init) refers to i2c.o(.text.i2c_init) for [Anonymous Symbol]
    i2c.o(.ARM.exidx.text.i2c_busy) refers to i2c.o(.text.i2c_busy) for [Anonymous Symbol]
    i2c.o(.text.i2c_wait) refers to i2c.o(.text.i2c_busy) for i2c_busy
    i2c.o(.ARM.exidx.text.i2c_wait) refers to i2c.o(.text.i2c_wait) for [Anonymous Symbol]
    i2c.o(.ARM.exidx.text.i2c_start) refers to i2c.o(.text.i2c_start) for [Anonymous Symbol]
    i2c.o(.text.i2c_read_setup) refers to i2c.o(.text.i2c_wait) for i2c_wait
    i2c.o(.ARM.exidx.text.i2c_read_setup) refers to i2c.o(.text.i2c_read_setup) for [Anonymous Symbol]
    i2c.o(.text.i2c_repeated_read) refers to i2c.o(.text.i2c_wait) for i2c_wait
    i2c.o(.ARM.exidx.text.i2c_repeated_read) refers to i2c.o(.text.i2c_repeated_read) for [Anonymous Symbol]
    i2c.o(.text.i2c_read_byte) refers to i2c.o(.text.i2c_wait) for i2c_wait
    i2c.o(.ARM.exidx.text.i2c_read_byte) refers to i2c.o(.text.i2c_read_byte) for [Anonymous Symbol]
    i2c.o(.text.i2c_write_byte) refers to i2c.o(.text.i2c_wait) for i2c_wait
    i2c.o(.ARM.exidx.text.i2c_write_byte) refers to i2c.o(.text.i2c_write_byte) for [Anonymous Symbol]
    leds.o(.ARM.exidx.text.Init_RGB_LEDs) refers to leds.o(.text.Init_RGB_LEDs) for [Anonymous Symbol]
    leds.o(.ARM.exidx.text.Control_RGB_LEDs) refers to leds.o(.text.Control_RGB_LEDs) for [Anonymous Symbol]
    main.o(.ARM.exidx.text.Set_OUTDIV) refers to main.o(.text.Set_OUTDIV) for [Anonymous Symbol]
    main.o(.text.Fast_Instrumented_Delay_Loop) refers to debug.o(.data.debug_GPIO) for debug_GPIO
    main.o(.ARM.exidx.text.Fast_Instrumented_Delay_Loop) refers to main.o(.text.Fast_Instrumented_Delay_Loop) for [Anonymous Symbol]
    main.o(.text.Instrumented_Delay_Loop) refers to debug.o(.data.debug_GPIO) for debug_GPIO
    main.o(.ARM.exidx.text.Instrumented_Delay_Loop) refers to main.o(.text.Instrumented_Delay_Loop) for [Anonymous Symbol]
[...]
    UART1_IRQHandler                         0x0000018f   Thumb Code     0  startup_mkl25z4.o(.text)
    UART2_IRQHandler                         0x0000018f   Thumb Code     0  startup_mkl25z4.o(.text)
    USB0_IRQHandler                          0x0000018f   Thumb Code     0  startup_mkl25z4.o(.text)
    __aeabi_memcpy                           0x000001a1   Thumb Code    36  memcpya.o(.text)
    __aeabi_memcpy4                          0x000001a1   Thumb Code     0  memcpya.o(.text)
    __aeabi_memcpy8                          0x000001a1   Thumb Code     0  memcpya.o(.text)
    __aeabi_memset                           0x000001c5   Thumb Code    14  memseta.o(.text)
    __aeabi_memset4                          0x000001c5   Thumb Code     0  memseta.o(.text)
    __aeabi_memset8                          0x000001c5   Thumb Code     0  memseta.o(.text)
    __aeabi_memclr                           0x000001d3   Thumb Code     4  memseta.o(.text)
    __aeabi_memclr4                          0x000001d3   Thumb Code     0  memseta.o(.text)
    __aeabi_memclr8                          0x000001d3   Thumb Code     0  memseta.o(.text)
    _memset$wrapper                          0x000001d7   Thumb Code    18  memseta.o(.text)
    __aeabi_fadd                             0x000001e9   Thumb Code   162  fadd.o(.text)
    __aeabi_fsub                             0x0000028b   Thumb Code     8  fadd.o(.text)
    __aeabi_frsub                            0x00000293   Thumb Code     8  fadd.o(.text)
    __aeabi_fmul                             0x0000029b   Thumb Code   122  fmul.o(.text)
    __aeabi_fdiv                             0x00000315   Thumb Code   124  fdiv.o(.text)
    __aeabi_i2f                              0x00000391   Thumb Code    22  fflti.o(.text)
    __aeabi_ui2d                             0x000003a9   Thumb Code    24  dfltui.o(.text)
    __aeabi_f2iz                             0x000003c5   Thumb Code    50  ffixi.o(.text)
    EvrRtxDelayCompleted                     0x000003f7   Thumb Code     2  rtx_evr.o(.text.EvrRtxDelayCompleted)
    __I$use$fp                               0x000003f7   Thumb Code     0  iusefp.o(.text)
    EvrRtxDelayError                         0x000003f9   Thumb Code     2  rtx_evr.o(.text.EvrRtxDelayError)
    EvrRtxDelayUntil                         0x000003fb   Thumb Code     2  rtx_evr.o(.text.EvrRtxDelayUntil)
    EvrRtxDelayUntilStarted                  0x000003fd   Thumb Code     2  rtx_evr.o(.text.EvrRtxDelayUntilStarted)
    EvrRtxEventFlagsWaitTimeout              0x000003ff   Thumb Code     2  rtx_evr.o(.text.EvrRtxEventFlagsWaitTimeout)
    __aeabi_dadd                             0x00000411   Thumb Code   328  dadd.o(.text)
    __aeabi_dsub                             0x00000559   Thumb Code    12  dadd.o(.text)
    __aeabi_drsub                            0x00000565   Thumb Code    12  dadd.o(.text)
    __aeabi_dmul                             0x00000575   Thumb Code   202  dmul.o(.text)
    __aeabi_f2uiz                            0x00000645   Thumb Code    40  ffixui.o(.text)
    __aeabi_f2d                              0x0000066d   Thumb Code    40  f2d.o(.text)
    __aeabi_d2f                              0x00000695   Thumb Code    56  d2f.o(.text)
    __aeabi_uidiv                            0x000006cd   Thumb Code     0  uidiv_div0.o(.text)
    __aeabi_uidivmod                         0x000006cd   Thumb Code    62  uidiv_div0.o(.text)
    __aeabi_idiv                             0x0000070d   Thumb Code     0  idiv_div0.o(.text)
    __aeabi_idivmod$div0                     0x0000070d   Thumb Code    74  idiv_div0.o(.text)
    __aeabi_uldivmod                         0x0000075d   Thumb Code    96  uldiv.o(.text)
    __aeabi_llsl                             0x000007bd   Thumb Code    32  llshl.o(.text)
    _ll_shift_l                              0x000007bd   Thumb Code     0  llshl.o(.text)
    __aeabi_lasr                             0x000007dd   Thumb Code    38  llsshr.o(.text)
    _ll_sshift_r                             0x000007dd   Thumb Code     0  llsshr.o(.text)
    _float_round                             0x00000803   Thumb Code    16  fepilogue.o(.text)
    _float_epilogue                          0x00000813   Thumb Code   114  fepilogue.o(.text)
    _frnd                                    0x00000885   Thumb Code    62  frnd.o(.text)
    _double_round                            0x000008c3   Thumb Code    26  depilogue.o(.text)
    _double_epilogue                         0x000008dd   Thumb Code   164  depilogue.o(.text)
    __aeabi_ddiv                             0x00000981   Thumb Code   234  ddiv.o(.text)
    __aeabi_d2ulz                            0x00000a71   Thumb Code    54  dfixul.o(.text)
    __aeabi_cdrcmple                         0x00000ab1   Thumb Code    38  cdrcmple.o(.text)
    __scatterload                            0x00000ad9   Thumb Code    38  init.o(.text)
    __scatterload_rt2                        0x00000ad9   Thumb Code     0  init.o(.text)
    __aeabi_llsr                             0x00000b09   Thumb Code    34  llushr.o(.text)
    _ll_ushift_r                             0x00000b09   Thumb Code     0  llushr.o(.text)
    __ARM_scalbnf                            0x00000b2b   Thumb Code    24  fscalb.o(.text)
    scalbnf                                  0x00000b2b   Thumb Code     0  fscalb.o(.text)
    __aeabi_ui2f                             0x00000b43   Thumb Code    14  ffltui.o(.text)
    __decompress                             0x00000b51   Thumb Code     0  __dczerorl2.o(.text)
    __decompress1                            0x00000b51   Thumb Code    86  __dczerorl2.o(.text)
    Configure_DMA_For_Playback               0x00000ba9   Thumb Code    56  dma.o(.text.Configure_DMA_For_Playback)
    Configure_TPM2_for_DMA                   0x00000bfd   Thumb Code    24  timers.o(.text.Configure_TPM2_for_DMA)
    Control_RGB_LEDs                         0x00000c19   Thumb Code    48  leds.o(.text.Control_RGB_LEDs)
    Create_OS_Objects                        0x00000c4d   Thumb Code    60  threads.o(.text.Create_OS_Objects)
    DMA0_IRQHandler                          0x00000ca9   Thumb Code    52  dma.o(.text.DMA0_IRQHandler)
    DMA_Init                                 0x00000cf5   Thumb Code    24  dma.o(.text.DMA_Init)
    Delay                                    0x00000d11   Thumb Code    40  delay.o(.text.Delay)
    EventRecorderEnable                      0x00000e9d   Thumb Code    88  eventrecorder.o(.text.EventRecorderEnable)
    EventRecorderInitialize                  0x00000ef5   Thumb Code   252  eventrecorder.o(.text.EventRecorderInitialize)
    EventRecorderStart                       0x00001011   Thumb Code    36  eventrecorder.o(.text.EventRecorderStart)
    EventRecorderTimerGetCount               0x0000103d   Thumb Code    40  eventrecorder.o(.text.EventRecorderTimerGetCount)
    EventRecorderTimerGetFreq                0x00001065   Thumb Code    40  eventrecorder.o(.text.EventRecorderTimerGetFreq)
    EventRecorderTimerSetup                  0x0000108d   Thumb Code    12  eventrecorder.o(.text.EventRecorderTimerSetup)
    EvrRtxKernelError                        0x0000109d   Thumb Code     2  rtx_evr.o(.text.EvrRtxKernelError)
    EvrRtxKernelErrorNotify                  0x0000109f   Thumb Code     2  rtx_evr.o(.text.EvrRtxKernelErrorNotify)
    EvrRtxKernelGetState                     0x000010a1   Thumb Code     2  rtx_evr.o(.text.EvrRtxKernelGetState)
    EvrRtxKernelGetSysTimerCount             0x000010a3   Thumb Code     2  rtx_evr.o(.text.EvrRtxKernelGetSysTimerCount)
    EvrRtxKernelGetSysTimerFreq              0x000010a5   Thumb Code     2  rtx_evr.o(.text.EvrRtxKernelGetSysTimerFreq)
    EvrRtxKernelGetTickCount                 0x000010a7   Thumb Code     2  rtx_evr.o(.text.EvrRtxKernelGetTickCount)
    EvrRtxKernelInitialize                   0x000010a9   Thumb Code     2  rtx_evr.o(.text.EvrRtxKernelInitialize)
    EvrRtxKernelInitialized                  0x000010ab   Thumb Code     2  rtx_evr.o(.text.EvrRtxKernelInitialized)
    EvrRtxKernelStart                        0x000010ad   Thumb Code     2  new_events.o(.text.EvrRtxKernelStart)
    EvrRtxKernelStarted                      0x000010af   Thumb Code     2  rtx_evr.o(.text.EvrRtxKernelStarted)
    EvrRtxMemoryAlloc                        0x000010b1   Thumb Code     2  rtx_evr.o(.text.EvrRtxMemoryAlloc)
    EvrRtxMemoryBlockAlloc                   0x000010b3   Thumb Code     2  rtx_evr.o(.text.EvrRtxMemoryBlockAlloc)
    EvrRtxMemoryBlockFree                    0x000010b5   Thumb Code     2  rtx_evr.o(.text.EvrRtxMemoryBlockFree)
    EvrRtxMemoryBlockInit                    0x000010b7   Thumb Code     2  rtx_evr.o(.text.EvrRtxMemoryBlockInit)
    EvrRtxMemoryFree                         0x000010b9   Thumb Code     2  rtx_evr.o(.text.EvrRtxMemoryFree)
    EvrRtxMemoryInit                         0x000010bb   Thumb Code     2  rtx_evr.o(.text.EvrRtxMemoryInit)
    EvrRtxMemoryPoolAllocTimeout             0x000010bd   Thumb Code     2  rtx_evr.o(.text.EvrRtxMemoryPoolAllocTimeout)
    EvrRtxMessageQueueCreated                0x000010bf   Thumb Code     2  rtx_evr.o(.text.EvrRtxMessageQueueCreated)
    EvrRtxMessageQueueError                  0x000010c1   Thumb Code     2  rtx_evr.o(.text.EvrRtxMessageQueueError)
    EvrRtxMessageQueueGet                    0x000010c3   Thumb Code     2  new_events.o(.text.EvrRtxMessageQueueGet)
    EvrRtxMessageQueueGetPending             0x000010c5   Thumb Code     2  rtx_evr.o(.text.EvrRtxMessageQueueGetPending)
    EvrRtxMessageQueueGetTimeout             0x000010c7   Thumb Code     2  rtx_evr.o(.text.EvrRtxMessageQueueGetTimeout)
    EvrRtxMessageQueueInsertPending          0x000010c9   Thumb Code     2  rtx_evr.o(.text.EvrRtxMessageQueueInsertPending)
    EvrRtxMessageQueueInserted               0x000010cb   Thumb Code     2  rtx_evr.o(.text.EvrRtxMessageQueueInserted)
    EvrRtxMessageQueueNotInserted            0x000010cd   Thumb Code     2  rtx_evr.o(.text.EvrRtxMessageQueueNotInserted)
    EvrRtxMessageQueueNotRetrieved           0x000010cf   Thumb Code     2  rtx_evr.o(.text.EvrRtxMessageQueueNotRetrieved)
    EvrRtxMessageQueuePut                    0x000010d1   Thumb Code     2  rtx_evr.o(.text.EvrRtxMessageQueuePut)
    EvrRtxMessageQueuePutPending             0x000010d3   Thumb Code     2  rtx_evr.o(.text.EvrRtxMessageQueuePutPending)
    EvrRtxMessageQueuePutTimeout             0x000010d5   Thumb Code     2  rtx_evr.o(.text.EvrRtxMessageQueuePutTimeout)
    EvrRtxMessageQueueRetrieved              0x000010d7   Thumb Code     2  rtx_evr.o(.text.EvrRtxMessageQueueRetrieved)
    EvrRtxMutexAcquire                       0x000010d9   Thumb Code     2  rtx_evr.o(.text.EvrRtxMutexAcquire)
    EvrRtxMutexAcquirePending                0x000010db   Thumb Code     2  rtx_evr.o(.text.EvrRtxMutexAcquirePending)
    EvrRtxMutexAcquireTimeout                0x000010dd   Thumb Code     2  rtx_evr.o(.text.EvrRtxMutexAcquireTimeout)
    EvrRtxMutexAcquired                      0x000010df   Thumb Code     2  rtx_evr.o(.text.EvrRtxMutexAcquired)
    EvrRtxMutexCreated                       0x000010e1   Thumb Code     2  rtx_evr.o(.text.EvrRtxMutexCreated)
    EvrRtxMutexError                         0x000010e3   Thumb Code     2  rtx_evr.o(.text.EvrRtxMutexError)
    EvrRtxMutexNew                           0x000010e5   Thumb Code     2  rtx_evr.o(.text.EvrRtxMutexNew)
    EvrRtxMutexNotAcquired                   0x000010e7   Thumb Code     2  rtx_evr.o(.text.EvrRtxMutexNotAcquired)
    EvrRtxMutexRelease                       0x000010e9   Thumb Code     2  rtx_evr.o(.text.EvrRtxMutexRelease)
    EvrRtxMutexReleased                      0x000010eb   Thumb Code     2  rtx_evr.o(.text.EvrRtxMutexReleased)
    EvrRtxSemaphoreAcquireTimeout            0x000010ed   Thumb Code     2  rtx_evr.o(.text.EvrRtxSemaphoreAcquireTimeout)
    EvrRtxThreadBlocked                      0x000010f1   Thumb Code   300  new_events.o(.text.EvrRtxThreadBlocked)
    EvrRtxThreadCreated                      0x0000121d   Thumb Code    24  new_events.o(.text.EvrRtxThreadCreated)
    EvrRtxThreadDestroyed                    0x00001235   Thumb Code     2  rtx_evr.o(.text.EvrRtxThreadDestroyed)
    EvrRtxThreadError                        0x00001237   Thumb Code     2  rtx_evr.o(.text.EvrRtxThreadError)
    EvrRtxThreadExit                         0x00001239   Thumb Code     2  rtx_evr.o(.text.EvrRtxThreadExit)
    EvrRtxThreadFlagsError                   0x0000123b   Thumb Code     2  rtx_evr.o(.text.EvrRtxThreadFlagsError)
    EvrRtxThreadFlagsSet                     0x0000123d   Thumb Code     2  rtx_evr.o(.text.EvrRtxThreadFlagsSet)
    EvrRtxThreadFlagsSetDone                 0x0000123f   Thumb Code     2  rtx_evr.o(.text.EvrRtxThreadFlagsSetDone)
    EvrRtxThreadFlagsWait                    0x00001241   Thumb Code     2  rtx_evr.o(.text.EvrRtxThreadFlagsWait)
    EvrRtxThreadFlagsWaitCompleted           0x00001243   Thumb Code     2  rtx_evr.o(.text.EvrRtxThreadFlagsWaitCompleted)
    EvrRtxThreadFlagsWaitNotCompleted        0x00001245   Thumb Code     2  rtx_evr.o(.text.EvrRtxThreadFlagsWaitNotCompleted)
    EvrRtxThreadFlagsWaitPending             0x00001247   Thumb Code     2  rtx_evr.o(.text.EvrRtxThreadFlagsWaitPending)
    EvrRtxThreadFlagsWaitTimeout             0x00001249   Thumb Code     2  rtx_evr.o(.text.EvrRtxThreadFlagsWaitTimeout)
    EvrRtxThreadGetId                        0x0000124b   Thumb Code     2  rtx_evr.o(.text.EvrRtxThreadGetId)
    EvrRtxThreadJoined                       0x0000124d   Thumb Code     2  rtx_evr.o(.text.EvrRtxThreadJoined)
    EvrRtxThreadNew                          0x0000124f   Thumb Code     2  rtx_evr.o(.text.EvrRtxThreadNew)
    EvrRtxThreadPreempted                    0x00001251   Thumb Code   160  new_events.o(.text.EvrRtxThreadPreempted)
    EvrRtxThreadSwitched                     0x000012f1   Thumb Code   160  new_events.o(.text.EvrRtxThreadSwitched)
    EvrRtxThreadUnblocked                    0x00001395   Thumb Code     2  rtx_evr.o(.text.EvrRtxThreadUnblocked)
    EvrRtxTimerCallback                      0x00001397   Thumb Code     2  rtx_evr.o(.text.EvrRtxTimerCallback)
    EvrRtxTimerCreated                       0x00001399   Thumb Code     2  rtx_evr.o(.text.EvrRtxTimerCreated)
    EvrRtxTimerError                         0x0000139b   Thumb Code     2  rtx_evr.o(.text.EvrRtxTimerError)
    EvrRtxTimerNew                           0x0000139d   Thumb Code     2  rtx_evr.o(.text.EvrRtxTimerNew)
    EvrRtxTimerStart                         0x0000139f   Thumb Code     2  rtx_evr.o(.text.EvrRtxTimerStart)
    EvrRtxTimerStarted                       0x000013a1   Thumb Code     2  rtx_evr.o(.text.EvrRtxTimerStarted)
    EvrRtxTimerStop                          0x000013a3   Thumb Code     2  rtx_evr.o(.text.EvrRtxTimerStop)
    EvrRtxTimerStopped                       0x000013a5   Thumb Code     2  rtx_evr.o(.text.EvrRtxTimerStopped)
    Get_DMA_Transfers_Completed              0x000013a9   Thumb Code    60  dma.o(.text.Get_DMA_Transfers_Completed)
    Init_Debug_Signals                       0x000013ed   Thumb Code    88  debug.o(.text.Init_Debug_Signals)
    Init_RGB_LEDs                            0x00001445   Thumb Code    84  leds.o(.text.Init_RGB_LEDs)
    Instrumented_Delay_Loop                  0x000014b1   Thumb Code    92  main.o(.text.Instrumented_Delay_Loop)
    LCD_Controller_Init                      0x00001511   Thumb Code   136  st7789.o(.text.LCD_Controller_Init)
    LCD_Create_OS_Objects                    0x000015a5   Thumb Code    16  st7789.o(.text.LCD_Create_OS_Objects)
    LCD_Draw_Line                            0x000015bd   Thumb Code   596  lcd_graphics.o(.text.LCD_Draw_Line)
    LCD_Erase                                0x00001811   Thumb Code    12  lcd_text.o(.text.LCD_Erase)
    LCD_Fill_Buffer                          0x00001821   Thumb Code   300  st7789.o(.text.LCD_Fill_Buffer)
    LCD_Fill_Rectangle                       0x0000194d   Thumb Code   420  st7789.o(.text.LCD_Fill_Rectangle)
    LCD_GPIO_Init                            0x00001af5   Thumb Code   168  st7789.o(.text.LCD_GPIO_Init)
    LCD_Init                                 0x00001bad   Thumb Code    84  st7789.o(.text.LCD_Init)
    LCD_Plot_Pixel                           0x00001c0d   Thumb Code   316  st7789.o(.text.LCD_Plot_Pixel)
    LCD_Set_Backlight_Brightness             0x00001d51   Thumb Code    44  st7789.o(.text.LCD_Set_Backlight_Brightness)
    LCD_Set_Controller_Power_Mode            0x00001d89   Thumb Code   176  st7789.o(.text.LCD_Set_Controller_Power_Mode)
    LCD_Start_Rectangle                      0x00001e3d   Thumb Code   340  st7789.o(.text.LCD_Start_Rectangle)
    LCD_TS_Init                              0x00001f99   Thumb Code    24  touchscreen.o(.text.LCD_TS_Init)
    LCD_TS_Read                              0x00001fb9   Thumb Code   440  touchscreen.o(.text.LCD_TS_Read)
    LCD_Text_Init                            0x000021a1   Thumb Code   116  lcd_text.o(.text.LCD_Text_Init)
    LCD_Text_PrintChar                       0x00002225   Thumb Code   436  lcd_text.o(.text.LCD_Text_PrintChar)
    LCD_Text_PrintStr                        0x000023e5   Thumb Code    88  lcd_text.o(.text.LCD_Text_PrintStr)
    LCD_Text_PrintStr_RC                     0x00002445   Thumb Code    36  lcd_text.o(.text.LCD_Text_PrintStr_RC)
    LCD_Write_Rectangle_Pixel                0x00002471   Thumb Code    80  st7789.o(.text.LCD_Write_Rectangle_Pixel)
    OS_Tick_AcknowledgeIRQ                   0x00002599   Thumb Code     8  os_systick.o(.text.OS_Tick_AcknowledgeIRQ)
    OS_Tick_Enable                           0x000025a1   Thumb Code    32  os_systick.o(.text.OS_Tick_Enable)
    OS_Tick_GetClock                         0x000025c1   Thumb Code     8  os_systick.o(.text.OS_Tick_GetClock)
    OS_Tick_GetCount                         0x000025c9   Thumb Code    20  os_systick.o(.text.OS_Tick_GetCount)
    OS_Tick_GetIRQn                          0x000025dd   Thumb Code     6  os_systick.o(.text.OS_Tick_GetIRQn)
    OS_Tick_GetInterval                      0x000025e5   Thumb Code     8  os_systick.o(.text.OS_Tick_GetInterval)
    OS_Tick_GetOverflow                      0x000025f1   Thumb Code    12  os_systick.o(.text.OS_Tick_GetOverflow)
    OS_Tick_Setup                            0x00002601   Thumb Code    60  os_systick.o(.text.OS_Tick_Setup)
    PIT_IRQHandler                           0x00002649   Thumb Code    60  timers.o(.text.PIT_IRQHandler)
    PWM_Init                                 0x0000268d   Thumb Code   120  timers.o(.text.PWM_Init)
    PWM_Set_Value                            0x00002715   Thumb Code     8  timers.o(.text.PWM_Set_Value)
    Play_Tone                                0x0000271d   Thumb Code    88  sound.o(.text.Play_Tone)
    Process_Profile_Sample                   0x00002781   Thumb Code   116  profile.o(.text.Process_Profile_Sample)
    Select_FEI_Fast                          0x00002815   Thumb Code    72  main.o(.text.Select_FEI_Fast)
    ShortDelay                               0x00002865   Thumb Code    36  delay.o(.text.ShortDelay)
    SineTable_Init                           0x00002891   Thumb Code    60  sound.o(.text.SineTable_Init)
    Sound_Create_OS_Objects                  0x000028d9   Thumb Code    44  sound.o(.text.Sound_Create_OS_Objects)
    Sound_Enable_Amp                         0x00002925   Thumb Code    16  sound.o(.text.Sound_Enable_Amp)
    Sound_Generate_Next_Sample               0x00002935   Thumb Code   116  sound.o(.text.Sound_Generate_Next_Sample)
    Sound_Init                               0x000029b9   Thumb Code   148  sound.o(.text.Sound_Init)
    Start_DMA_Playback                       0x00002a6d   Thumb Code    64  dma.o(.text.Start_DMA_Playback)
    SystemCoreClockUpdate                    0x00002ac5   Thumb Code   244  system_mkl25z4.o(.text.SystemCoreClockUpdate)
    SystemInit                               0x00002bd1   Thumb Code   180  system_mkl25z4.o(.text.SystemInit)
    TPM0_IRQHandler                          0x00002cad   Thumb Code    12  timers.o(.text.TPM0_IRQHandler)
    TPM2_IRQHandler                          0x00002cbd   Thumb Code    12  timers.o(.text.TPM2_IRQHandler)
    TPM2_Init                                0x00002cc9   Thumb Code    24  timers.o(.text.TPM2_Init)
    TPM2_Start                               0x00002ce9   Thumb Code    12  timers.o(.text.TPM2_Start)
    Thread_Read_Accelerometer                0x00002d45   Thumb Code   204  threads.o(.text.Thread_Read_Accelerometer)
    Thread_Read_TS                           0x00002e55   Thumb Code   348  threads.o(.text.Thread_Read_TS)
    Thread_Refill_SoundBuffer                0x00002fd9   Thumb Code   340  sound.o(.text.Thread_Refill_SoundBuffer)
    Thread_Sound_Manager                     0x00003139   Thumb Code   212  sound.o(.text.Thread_Sound_Manager)
    UI_Accel_TF                              0x0000329d   Thumb Code    32  text_ui.o(.text.UI_Accel_TF)
    UI_Audio_TF                              0x000032c1   Thumb Code    14  text_ui.o(.text.UI_Audio_TF)
    UI_Draw_Labels                           0x000032d1   Thumb Code   120  text_ui.o(.text.UI_Draw_Labels)
    UI_Init                                  0x0000334d   Thumb Code    32  text_ui.o(.text.UI_Init)
    UI_LCD_TF                                0x0000336d   Thumb Code   112  text_ui.o(.text.UI_LCD_TF)
    UI_MCU_TF                                0x000033f1   Thumb Code    16  text_ui.o(.text.UI_MCU_TF)
    UI_Process_Touch                         0x00003405   Thumb Code   100  text_ui.o(.text.UI_Process_Touch)
    UI_RGB_TF                                0x00003471   Thumb Code    44  text_ui.o(.text.UI_RGB_TF)
    i2c_busy                                 0x000034a5   Thumb Code   144  i2c.o(.text.i2c_busy)
    i2c_init                                 0x00003535   Thumb Code    76  i2c.o(.text.i2c_init)
    i2c_read_byte                            0x00003591   Thumb Code    88  i2c.o(.text.i2c_read_byte)
    i2c_read_setup                           0x000035e9   Thumb Code    48  i2c.o(.text.i2c_read_setup)
    i2c_repeated_read                        0x00003619   Thumb Code    48  i2c.o(.text.i2c_repeated_read)
    i2c_start                                0x00003649   Thumb Code    20  i2c.o(.text.i2c_start)
    i2c_wait                                 0x0000365d   Thumb Code    40  i2c.o(.text.i2c_wait)
    i2c_write_byte                           0x00003689   Thumb Code    52  i2c.o(.text.i2c_write_byte)
    init_mma                                 0x000036c1   Thumb Code    66  mma8451.o(.text.init_mma)
    main                                     0x00003705   Thumb Code   160  main.o(.text.main)
    osDelayUntil                             0x000037d1   Thumb Code    48  rtx_delay.o(.text.osDelayUntil)
    osKernelGetState                         0x00003805   Thumb Code    40  rtx_kernel.o(.text.osKernelGetState)
    osKernelGetSysTimerCount                 0x00003831   Thumb Code    32  rtx_kernel.o(.text.osKernelGetSysTimerCount)
    osKernelGetSysTimerFreq                  0x00003855   Thumb Code    32  rtx_kernel.o(.text.osKernelGetSysTimerFreq)
    osKernelGetTickCount                     0x00003879   Thumb Code    32  rtx_kernel.o(.text.osKernelGetTickCount)
    osKernelInitialize                       0x0000389d   Thumb Code    48  rtx_kernel.o(.text.osKernelInitialize)
    osKernelStart                            0x000038d1   Thumb Code    44  rtx_kernel.o(.text.osKernelStart)
    osMessageQueueGet                        0x00003901   Thumb Code   148  rtx_msgqueue.o(.text.osMessageQueueGet)
    osMessageQueuePut                        0x00003999   Thumb Code   152  rtx_msgqueue.o(.text.osMessageQueuePut)
    osMutexAcquire                           0x00003a35   Thumb Code    56  rtx_mutex.o(.text.osMutexAcquire)
    osMutexNew                               0x00003a71   Thumb Code    52  rtx_mutex.o(.text.osMutexNew)
    osMutexRelease                           0x00003aa9   Thumb Code    52  rtx_mutex.o(.text.osMutexRelease)
    osRtxErrorNotify                         0x00003ae1   Thumb Code     2  rtx_config.o(.text.osRtxErrorNotify)
    osRtxIdleThread                          0x00003ae5   Thumb Code    24  rtx_config.o(.text.osRtxIdleThread)
    osRtxKernelBeforeInit                    0x00003b05   Thumb Code     2  rtx_kernel.o(.text.osRtxKernelBeforeInit)
    osRtxKernelErrorNotify                   0x00003b07   Thumb Code    20  rtx_kernel.o(.text.osRtxKernelErrorNotify)
    osRtxMemoryAlloc                         0x00003b1b   Thumb Code   136  rtx_memory.o(.text.osRtxMemoryAlloc)
    osRtxMemoryFree                          0x00003ba3   Thumb Code    80  rtx_memory.o(.text.osRtxMemoryFree)
    osRtxMemoryInit                          0x00003bf3   Thumb Code    58  rtx_memory.o(.text.osRtxMemoryInit)
    osRtxMemoryPoolAlloc                     0x00003c2d   Thumb Code    50  rtx_mempool.o(.text.osRtxMemoryPoolAlloc)
    osRtxMemoryPoolFree                      0x00003c5f   Thumb Code    60  rtx_mempool.o(.text.osRtxMemoryPoolFree)
    osRtxMemoryPoolInit                      0x00003c9b   Thumb Code    80  rtx_mempool.o(.text.osRtxMemoryPoolInit)
    osRtxMessageQueueTimerSetup              0x00003de9   Thumb Code    32  rtx_msgqueue.o(.text.osRtxMessageQueueTimerSetup)
    osRtxMutexOwnerRelease                   0x00003e0d   Thumb Code    82  rtx_mutex.o(.text.osRtxMutexOwnerRelease)
    osRtxMutexOwnerRestore                   0x00003e5f   Thumb Code    72  rtx_mutex.o(.text.osRtxMutexOwnerRestore)
    osRtxPendSV_Handler                      0x00003ea9   Thumb Code    96  rtx_system.o(.text.osRtxPendSV_Handler)
    osRtxPostProcess                         0x00003f31   Thumb Code    96  rtx_system.o(.text.osRtxPostProcess)
    osRtxThreadBeforeFree                    0x00003f95   Thumb Code     2  rtx_thread.o(.text.osRtxThreadBeforeFree)
    osRtxThreadDelayRemove                   0x0000405d   Thumb Code    68  rtx_thread.o(.text.osRtxThreadDelayRemove)
    osRtxThreadDelayTick                     0x000040a1   Thumb Code   192  rtx_thread.o(.text.osRtxThreadDelayTick)
    osRtxThreadDestroy                       0x00004161   Thumb Code    48  rtx_thread.o(.text.osRtxThreadDestroy)
    osRtxThreadDispatch                      0x00004195   Thumb Code    76  rtx_thread.o(.text.osRtxThreadDispatch)
    osRtxThreadJoinWakeup                    0x00004241   Thumb Code    38  rtx_thread.o(.text.osRtxThreadJoinWakeup)
    osRtxThreadListGet                       0x00004267   Thumb Code    20  rtx_thread.o(.text.osRtxThreadListGet)
    osRtxThreadListPut                       0x0000427b   Thumb Code    44  rtx_thread.o(.text.osRtxThreadListPut)
    osRtxThreadListRemove                    0x000042a7   Thumb Code    22  rtx_thread.o(.text.osRtxThreadListRemove)
    osRtxThreadListSort                      0x000042c9   Thumb Code    36  rtx_thread.o(.text.osRtxThreadListSort)
    osRtxThreadReadyPut                      0x00004325   Thumb Code    20  rtx_thread.o(.text.osRtxThreadReadyPut)
    osRtxThreadRegPtr                        0x0000433d   Thumb Code     6  rtx_thread.o(.text.osRtxThreadRegPtr)
    osRtxThreadStartup                       0x00004345   Thumb Code    56  rtx_thread.o(.text.osRtxThreadStartup)
    osRtxThreadSwitch                        0x00004389   Thumb Code    40  rtx_thread.o(.text.osRtxThreadSwitch)
    osRtxThreadWaitEnter                     0x000043b5   Thumb Code    68  rtx_thread.o(.text.osRtxThreadWaitEnter)
    osRtxThreadWaitExit                      0x000043fd   Thumb Code    40  rtx_thread.o(.text.osRtxThreadWaitExit)
    osRtxTick_Handler                        0x00004425   Thumb Code   124  rtx_system.o(.text.osRtxTick_Handler)
    osRtxTimerSetup                          0x000044a1   Thumb Code    28  rtx_timer.o(.text.osRtxTimerSetup)
    osRtxTimerThread                         0x000044c1   Thumb Code    36  rtx_timer.o(.text.osRtxTimerThread)
    osThreadExit                             0x00004561   Thumb Code    20  rtx_thread.o(.text.osThreadExit)
    osThreadFlagsSet                         0x00004579   Thumb Code   116  rtx_thread.o(.text.osThreadFlagsSet)
    osThreadFlagsWait                        0x000045f1   Thumb Code    60  rtx_thread.o(.text.osThreadFlagsWait)
    osThreadGetId                            0x00004631   Thumb Code    32  rtx_thread.o(.text.osThreadGetId)
    osThreadNew                              0x00004655   Thumb Code    60  rtx_thread.o(.text.osThreadNew)
    osTimerNew                               0x00004695   Thumb Code    64  rtx_timer.o(.text.osTimerNew)
    osTimerStart                             0x000046d9   Thumb Code    56  rtx_timer.o(.text.osTimerStart)
    osTimerStop                              0x00004715   Thumb Code    52  rtx_timer.o(.text.osTimerStop)
    read_full_xyz                            0x0000474d   Thumb Code    72  mma8451.o(.text.read_full_xyz)
    __0sprintf                               0x000055d5   Thumb Code    36  printfa.o(i.__0sprintf)
    __1sprintf                               0x000055d5   Thumb Code     0  printfa.o(i.__0sprintf)
    __2sprintf                               0x000055d5   Thumb Code     0  printfa.o(i.__0sprintf)
    __c89sprintf                             0x000055d5   Thumb Code     0  printfa.o(i.__0sprintf)
    sprintf                                  0x000055d5   Thumb Code     0  printfa.o(i.__0sprintf)
    __ARM_clz                                0x000055fd   Thumb Code    46  depilogue.o(i.__ARM_clz)
    __ARM_common_ll_muluu                    0x0000562b   Thumb Code    50  rredf.o(i.__ARM_common_ll_muluu)
    __ARM_fpclassifyf                        0x0000565d   Thumb Code    34  fpclassifyf.o(i.__ARM_fpclassifyf)
    __mathlib_flt_infnan                     0x0000567f   Thumb Code    10  funder.o(i.__mathlib_flt_infnan)
    __mathlib_flt_invalid                    0x00005689   Thumb Code    12  funder.o(i.__mathlib_flt_invalid)
    __mathlib_flt_underflow                  0x00005695   Thumb Code    14  funder.o(i.__mathlib_flt_underflow)
    __mathlib_rredf2                         0x000056a5   Thumb Code   366  rredf.o(i.__mathlib_rredf2)
    __scatterload_copy                       0x00005825   Thumb Code    14  handlers.o(i.__scatterload_copy)
    __scatterload_null                       0x00005833   Thumb Code     2  handlers.o(i.__scatterload_null)
    __scatterload_zeroinit                   0x00005835   Thumb Code    14  handlers.o(i.__scatterload_zeroinit)
    __set_errno                              0x00005845   Thumb Code     6  errno.o(i.__set_errno)
    sinf                                     0x00006109   Thumb Code   330  sinf.o(i.sinf)
    osRtxConfig                              0x000062ac   Data         112  rtx_lib.o(.rodata)
    os_cb_sections                           0x0000631c   Data          56  rtx_lib.o(.rodata)
    EventRecorderInfo                        0x00006354   Data          24  eventrecorder.o(.rodata.EventRecorderInfo)
    Init_Seq_ST7789                          0x0000636c   Data         142  st7789.o(.rodata.Init_Seq_ST7789)
    LCD_mutex_attr                           0x000063fc   Data          16  st7789.o(.rodata.LCD_mutex_attr)
    NumProfileRegions                        0x0000641c   Data           4  region.o(.rodata.NumProfileRegions)
    Read_Accelerometer_attr                  0x00006420   Data          36  threads.o(.rodata.Read_Accelerometer_attr)
    Read_TS_attr                             0x00006444   Data          36  threads.o(.rodata.Read_TS_attr)
    Refill_SoundBuffer_attr                  0x00006468   Data          36  sound.o(.rodata.Refill_SoundBuffer_attr)
    RegionTable                              0x0000648c   Data          32  region.o(.rodata.RegionTable)
    ScalePeriods                             0x000064ac   Data         128  sound.o(.rodata.ScalePeriods)
    Sound_Manager_attr                       0x0000652c   Data          36  sound.o(.rodata.Sound_Manager_attr)
    Voice_mutex_attr                         0x00006550   Data          16  sound.o(.rodata.Voice_mutex_attr)
    char_heights                             0x00006560   Data           3  lcd_text.o(.rodata.char_heights)
    char_widths                              0x00006563   Data           3  lcd_text.o(.rodata.char_widths)
    osRtxUserSVC                             0x00006568   Data           4  rtx_lib.o(.rodata.osRtxUserSVC)
    Region$$Table$$Base                      0x000065f0   Number         0  anon$$obj.o(Region$$Table)
    Region$$Table$$Limit                     0x00006610   Number         0  anon$$obj.o(Region$$Table)
    BlankStateLabel                          0x1ffff004   Data          13  text_ui.o(.data.BlankStateLabel)
    LCD_BL_PSave_brightness                  0x1ffff014   Data           4  threads.o(.data.LCD_BL_PSave_brightness)
    LCD_BL_on                                0x1ffff018   Data           4  threads.o(.data.LCD_BL_on)
    LCD_BL_time_left                         0x1ffff01c   Data           4  threads.o(.data.LCD_BL_time_left)
    LCD_Ctlr_on                              0x1ffff020   Data           4  threads.o(.data.LCD_Ctlr_on)
    LCD_Ctlr_time_left                       0x1ffff024   Data           4  threads.o(.data.LCD_Ctlr_time_left)
    LCD_TS_Calibrated                        0x1ffff028   Data           1  touchscreen.o(.data.LCD_TS_Calibrated)
    LCD_TS_X_Offset                          0x1ffff02c   Data           4  touchscreen.o(.data.LCD_TS_X_Offset)
    LCD_TS_X_Scale                           0x1ffff030   Data           4  touchscreen.o(.data.LCD_TS_X_Scale)
    LCD_TS_Y_Offset                          0x1ffff034   Data           4  touchscreen.o(.data.LCD_TS_Y_Offset)
    LCD_TS_Y_Scale                           0x1ffff038   Data           4  touchscreen.o(.data.LCD_TS_Y_Scale)
    SystemCoreClock                          0x1ffff03c   Data           4  system_mkl25z4.o(.data.SystemCoreClock)
    UIC_Acc                                  0x1ffff040   Data          80  text_ui.o(.data.UIC_Acc)
    UIC_Audio                                0x1ffff090   Data          80  text_ui.o(.data.UIC_Audio)
    UIC_LCD                                  0x1ffff0e0   Data          80  text_ui.o(.data.UIC_LCD)
    UIC_MCU                                  0x1ffff130   Data          80  text_ui.o(.data.UIC_MCU)
    UIC_RGB                                  0x1ffff180   Data          80  text_ui.o(.data.UIC_RGB)
    UICs                                     0x1ffff1d0   Data          20  text_ui.o(.data.UICs)
    debug_GPIO                               0x1ffff1e4   Data         208  debug.o(.data.debug_GPIO)
    enable_accel                             0x1ffff2b4   Data           4  threads.o(.data.enable_accel)
    fonts                                    0x1ffff2b8   Data          12  lcd_text.o(.data.fonts)
    osRtxInfo                                0x1ffff2c4   Data         164  rtx_kernel.o(.data.os)
    osRtxMessageQueueMemUsage                0x1ffff368   Data          12  rtx_msgqueue.o(.data.os.msgqueue.obj)
    osRtxMutexMemUsage                       0x1ffff374   Data          12  rtx_mutex.o(.data.os.mutex.obj)
    osRtxThreadMemUsage                      0x1ffff380   Data          12  rtx_thread.o(.data.os.thread.obj)
    osRtxTimerMemUsage                       0x1ffff38c   Data          12  rtx_timer.o(.data.os.timer.obj)
    red                                      0x1ffff398   Data           3  colors.o(.data.red)
    TV_tid                                   0x1ffff3c4   Data          36  new_events.o(.bss..L_MergedGlobals)
    DMA_Playback_Count                       0x1ffff3e8   Data           4  dma.o(.bss.DMA_Playback_Count)
    G_LCD_char_height                        0x1ffff3ec   Data           1  lcd_text.o(.bss.G_LCD_char_height)
    G_LCD_char_width                         0x1ffff3ed   Data           1  lcd_text.o(.bss.G_LCD_char_width)
    I2C_OK                                   0x1ffff3f0   Data           4  i2c.o(.bss.I2C_OK)
    LCD_BL_auto_off                          0x1ffff3f4   Data           4  threads.o(.bss.LCD_BL_auto_off)
    LCD_Ctlr_auto_off                        0x1ffff3f8   Data           4  threads.o(.bss.LCD_Ctlr_auto_off)
    LCD_mutex                                0x1ffff3fc   Data           4  st7789.o(.bss.LCD_mutex)
    LCD_on                                   0x1ffff400   Data           4  st7789.o(.bss.LCD_on)
    LED_timer                                0x1ffff408   Data           4  threads.o(.bss.LED_timer)
    PC_val                                   0x1ffff40c   Data           4  profile.o(.bss.PC_val)
    RGB_cycle                                0x1ffff410   Data           4  threads.o(.bss.RGB_cycle)
    RegionCount                              0x1ffff414   Data           4  region.o(.bss.RegionCount)
    Reload_DMA_Byte_Count                    0x1ffff418   Data           4  dma.o(.bss.Reload_DMA_Byte_Count)
    Reload_DMA_Source                        0x1ffff41c   Data           8  dma.o(.bss.Reload_DMA_Source)
    SineTable                                0x1ffff424   Data         128  sound.o(.bss.SineTable)
    SoundBuffer                              0x1ffff4a4   Data        1024  sound.o(.bss.SoundBuffer)
    Voice                                    0x1ffff8a8   Data         160  sound.o(.bss.Voice)
    Voice_mutex                              0x1ffff948   Data           4  sound.o(.bss.Voice_mutex)
    WriteSBNum                               0x1ffff94c   Data           1  sound.o(.bss.WriteSBNum)
    acc_X                                    0x1ffff94e   Data           2  mma8451.o(.bss.acc_X)
    acc_Y                                    0x1ffff950   Data           2  mma8451.o(.bss.acc_Y)
    acc_Z                                    0x1ffff952   Data           2  mma8451.o(.bss.acc_Z)
    adx_lost                                 0x1ffff954   Data           4  profile.o(.bss.adx_lost)
    bg                                       0x1ffff958   Data           3  lcd_text.o(.bss.bg)
    enable_wfi                               0x1ffff95c   Data           4  threads.o(.bss.enable_wfi)
    fg                                       0x1ffff960   Data           3  lcd_text.o(.bss.fg)
    font                                     0x1ffff964   Data           4  lcd_text.o(.bss.font)
    font_header                              0x1ffff968   Data           4  lcd_text.o(.bss.font_header)
    glyph_index                              0x1ffff96c   Data           4  lcd_text.o(.bss.glyph_index)
    num_lost                                 0x1ffffe24   Data           4  profile.o(.bss.num_lost)
    .bss.os.msgqueue.cb$$Base                0x20000e6c   Number         0  rtx_lib.o(.bss.os.msgqueue.cb)
    .bss.os.msgqueue.cb$$Limit               0x20000ea0   Number         0  rtx_lib.o(.bss.os.msgqueue.cb)
    .bss.os.thread.cb$$Base                  0x20000ef0   Number         0  rtx_lib.o(.bss.os.thread.cb)
    .bss.os.thread.cb$$Limit                 0x20000f90   Number         0  rtx_lib.o(.bss.os.thread.cb)
    profile_samples                          0x20001210   Data           4  profile.o(.bss.profile_samples)
    profiling_enabled                        0x20001214   Data           4  profile.o(.bss.profiling_enabled)
    t_Read_Accelerometer                     0x20001218   Data           4  threads.o(.bss.t_Read_Accelerometer)
    t_Read_TS                                0x2000121c   Data           4  threads.o(.bss.t_Read_TS)
    t_Refill_SoundBuffer                     0x20001220   Data           4  sound.o(.bss.t_Refill_SoundBuffer)
    t_Sound_Manager                          0x20001224   Data           4  sound.o(.bss.t_Sound_Manager)
    threadID                                 0x20001228   Data           4  profile.o(.bss.threadID)
    __initial_sp                             0x20001430   Data           0  startup_mkl25z4.o(STACK)



==============================================================================

Memory Map of the image

  Image Entry point : 0x00000179

  Load Region LR_1 (Base: 0x00000000, Size: 0x000069ac, Max: 0xffffffff, ABSOLUTE, COMPRESSED[0x00006718])

    Execution Region ER_RO (Exec base: 0x00000000, Load base: 0x00000000, Size: 0x00006610, Max: 0xffffffff, ABSOLUTE)

    Exec Addr    Load Addr    Size         Type   Attr      Idx    E Section Name        Object

    0x00000000   0x00000000   0x000000c0   Data   RO         1570    RESET               startup_mkl25z4.o
    0x000000c0   0x000000c0   0x00000000   Code   RO         1609  * .ARM.Collect$$$$00000000  mc_p.l(entry.o)
    0x000000c0   0x000000c0   0x00000004   Code   RO         1960    .ARM.Collect$$$$00000001  mc_p.l(entry2.o)
    0x000000c4   0x000000c4   0x00000004   Code   RO         1963    .ARM.Collect$$$$00000004  mc_p.l(entry5.o)
    0x000000c8   0x000000c8   0x00000000   Code   RO         1965    .ARM.Collect$$$$00000008  mc_p.l(entry7b.o)
    0x000000c8   0x000000c8   0x00000000   Code   RO         1967    .ARM.Collect$$$$0000000A  mc_p.l(entry8b.o)
    0x000000c8   0x000000c8   0x00000008   Code   RO         1968    .ARM.Collect$$$$0000000B  mc_p.l(entry9a.o)
    0x000000d0   0x000000d0   0x00000000   Code   RO         1970    .ARM.Collect$$$$0000000D  mc_p.l(entry10a.o)
    0x000000d0   0x000000d0   0x00000000   Code   RO         1972    .ARM.Collect$$$$0000000F  mc_p.l(entry11a.o)
    0x000000d0   0x000000d0   0x00000004   Code   RO         1961    .ARM.Collect$$$$00002712  mc_p.l(entry2.o)
    0x000000d4   0x000000d4   0x000000a4   Code   RO          520    .text               irq_armv6m.o
    0x00000178   0x00000178   0x00000028   Code   RO         1572  * .text               startup_mkl25z4.o
    0x000001a0   0x000001a0   0x00000024   Code   RO         1620    .text               mc_p.l(memcpya.o)
    0x000001c4   0x000001c4   0x00000024   Code   RO         1622    .text               mc_p.l(memseta.o)
    0x000001e8   0x000001e8   0x000000b2   Code   RO         1887    .text               mf_p.l(fadd.o)
    0x0000029a   0x0000029a   0x0000007a   Code   RO         1889    .text               mf_p.l(fmul.o)
    0x00000314   0x00000314   0x0000007c   Code   RO         1891    .text               mf_p.l(fdiv.o)
    0x00000390   0x00000390   0x00000016   Code   RO         1907    .text               mf_p.l(fflti.o)
    0x000003a6   0x000003a6   0x00000002   PAD
    0x000003a8   0x000003a8   0x0000001c   Code   RO         1909    .text               mf_p.l(dfltui.o)
    0x000003c4   0x000003c4   0x00000032   Code   RO         1911    .text               mf_p.l(ffixi.o)
    0x000003f6   0x000003f6   0x00000000   Code   RO         2002    .text               mc_p.l(iusefp.o)
    0x000003f6   0x000003f6   0x00000002   Code   RO          761    .text.EvrRtxDelayCompleted  rtx_evr.o
    0x000003f8   0x000003f8   0x00000002   Code   RO          751    .text.EvrRtxDelayError  rtx_evr.o
    0x000003fa   0x000003fa   0x00000002   Code   RO          755    .text.EvrRtxDelayUntil  rtx_evr.o
    0x000003fc   0x000003fc   0x00000002   Code   RO          759    .text.EvrRtxDelayUntilStarted  rtx_evr.o
    0x000003fe   0x000003fe   0x00000002   Code   RO          809    .text.EvrRtxEventFlagsWaitTimeout  rtx_evr.o
    0x00000400   0x00000400   0x00000010   Code   RO         1571    .ARM.__at_0x400     startup_mkl25z4.o
    0x00000410   0x00000410   0x00000164   Code   RO         1893    .text               mf_p.l(dadd.o)
    0x00000574   0x00000574   0x000000d0   Code   RO         1895    .text               mf_p.l(dmul.o)
    0x00000644   0x00000644   0x00000028   Code   RO         1913    .text               mf_p.l(ffixui.o)
    0x0000066c   0x0000066c   0x00000028   Code   RO         1915    .text               mf_p.l(f2d.o)
    0x00000694   0x00000694   0x00000038   Code   RO         1917    .text               mf_p.l(d2f.o)
    0x000006cc   0x000006cc   0x0000003e   Code   RO         1983    .text               mc_p.l(uidiv_div0.o)
    0x0000070a   0x0000070a   0x00000002   PAD
    0x0000070c   0x0000070c   0x00000050   Code   RO         1985    .text               mc_p.l(idiv_div0.o)
    0x0000075c   0x0000075c   0x00000060   Code   RO         1989    .text               mc_p.l(uldiv.o)
    0x000007bc   0x000007bc   0x00000020   Code   RO         1991    .text               mc_p.l(llshl.o)
    0x000007dc   0x000007dc   0x00000026   Code   RO         1993    .text               mc_p.l(llsshr.o)
    0x00000802   0x00000802   0x00000082   Code   RO         2003    .text               mf_p.l(fepilogue.o)
    0x00000884   0x00000884   0x0000003e   Code   RO         2007    .text               mf_p.l(frnd.o)
    0x000008c2   0x000008c2   0x000000be   Code   RO         2009    .text               mf_p.l(depilogue.o)
    0x00000980   0x00000980   0x000000f0   Code   RO         2013    .text               mf_p.l(ddiv.o)
    0x00000a70   0x00000a70   0x00000040   Code   RO         2017    .text               mf_p.l(dfixul.o)
    0x00000ab0   0x00000ab0   0x00000028   Code   RO         2021    .text               mf_p.l(cdrcmple.o)
    0x00000ad8   0x00000ad8   0x00000030   Code   RO         2027    .text               mc_p.l(init.o)
    0x00000b08   0x00000b08   0x00000022   Code   RO         2030    .text               mc_p.l(llushr.o)
    0x00000b2a   0x00000b2a   0x00000018   Code   RO         2033    .text               mf_p.l(fscalb.o)
    0x00000b42   0x00000b42   0x0000000e   Code   RO         2037    .text               mf_p.l(ffltui.o)
    0x00000b50   0x00000b50   0x00000056   Code   RO         2047    .text               mc_p.l(__dczerorl2.o)
    0x00000ba6   0x00000ba6   0x00000002   PAD
    0x00000ba8   0x00000ba8   0x00000054   Code   RO           29    .text.Configure_DMA_For_Playback  dma.o
    0x00000bfc   0x00000bfc   0x0000001c   Code   RO          243    .text.Configure_TPM2_for_DMA  timers.o
    0x00000c18   0x00000c18   0x00000034   Code   RO           75    .text.Control_RGB_LEDs  leds.o
    0x00000c4c   0x00000c4c   0x0000005c   Code   RO          185    .text.Create_OS_Objects  threads.o
    0x00000ca8   0x00000ca8   0x0000004c   Code   RO           35    .text.DMA0_IRQHandler  dma.o
    0x00000cf4   0x00000cf4   0x0000001c   Code   RO           27    .text.DMA_Init      dma.o
    0x00000d10   0x00000d10   0x00000034   Code   RO           15    .text.Delay         delay.o
    0x00000d44   0x00000d44   0x00000054   Code   RO         1539    .text.EventGetTS    eventrecorder.o
    0x00000d98   0x00000d98   0x00000104   Code   RO         1541    .text.EventRecordItem  eventrecorder.o
    0x00000e9c   0x00000e9c   0x00000058   Code   RO         1537    .text.EventRecorderEnable  eventrecorder.o
    0x00000ef4   0x00000ef4   0x0000011c   Code   RO         1535    .text.EventRecorderInitialize  eventrecorder.o
    0x00001010   0x00001010   0x0000002c   Code   RO         1543    .text.EventRecorderStart  eventrecorder.o
    0x0000103c   0x0000103c   0x00000028   Code   RO         1533    .text.EventRecorderTimerGetCount  eventrecorder.o
    0x00001064   0x00001064   0x00000028   Code   RO         1531    .text.EventRecorderTimerGetFreq  eventrecorder.o
    0x0000108c   0x0000108c   0x00000010   Code   RO         1529    .text.EventRecorderTimerSetup  eventrecorder.o
    0x0000109c   0x0000109c   0x00000002   Code   RO          597    .text.EvrRtxKernelError  rtx_evr.o
    0x0000109e   0x0000109e   0x00000002   Code   RO          645    .text.EvrRtxKernelErrorNotify  rtx_evr.o
    0x000010a0   0x000010a0   0x00000002   Code   RO          607    .text.EvrRtxKernelGetState  rtx_evr.o
    0x000010a2   0x000010a2   0x00000002   Code   RO          641    .text.EvrRtxKernelGetSysTimerCount  rtx_evr.o
    0x000010a4   0x000010a4   0x00000002   Code   RO          643    .text.EvrRtxKernelGetSysTimerFreq  rtx_evr.o
    0x000010a6   0x000010a6   0x00000002   Code   RO          637    .text.EvrRtxKernelGetTickCount  rtx_evr.o
    0x000010a8   0x000010a8   0x00000002   Code   RO          599    .text.EvrRtxKernelInitialize  rtx_evr.o
    0x000010aa   0x000010aa   0x00000002   Code   RO          601    .text.EvrRtxKernelInitialized  rtx_evr.o
    0x000010ac   0x000010ac   0x00000002   Code   RO          496    .text.EvrRtxKernelStart  new_events.o
    0x000010ae   0x000010ae   0x00000002   Code   RO          611    .text.EvrRtxKernelStarted  rtx_evr.o
    0x000010b0   0x000010b0   0x00000002   Code   RO          587    .text.EvrRtxMemoryAlloc  rtx_evr.o
    0x000010b2   0x000010b2   0x00000002   Code   RO          593    .text.EvrRtxMemoryBlockAlloc  rtx_evr.o
    0x000010b4   0x000010b4   0x00000002   Code   RO          595    .text.EvrRtxMemoryBlockFree  rtx_evr.o
    0x000010b6   0x000010b6   0x00000002   Code   RO          591    .text.EvrRtxMemoryBlockInit  rtx_evr.o
    0x000010b8   0x000010b8   0x00000002   Code   RO          589    .text.EvrRtxMemoryFree  rtx_evr.o
    0x000010ba   0x000010ba   0x00000002   Code   RO          585    .text.EvrRtxMemoryInit  rtx_evr.o
    0x000010bc   0x000010bc   0x00000002   Code   RO          887    .text.EvrRtxMemoryPoolAllocTimeout  rtx_evr.o
    0x000010be   0x000010be   0x00000002   Code   RO          915    .text.EvrRtxMessageQueueCreated  rtx_evr.o
    0x000010c0   0x000010c0   0x00000002   Code   RO          911    .text.EvrRtxMessageQueueError  rtx_evr.o
    0x000010c2   0x000010c2   0x00000002   Code   RO          510    .text.EvrRtxMessageQueueGet  new_events.o
    0x000010c4   0x000010c4   0x00000002   Code   RO          933    .text.EvrRtxMessageQueueGetPending  rtx_evr.o
    0x000010c6   0x000010c6   0x00000002   Code   RO          935    .text.EvrRtxMessageQueueGetTimeout  rtx_evr.o
    0x000010c8   0x000010c8   0x00000002   Code   RO          925    .text.EvrRtxMessageQueueInsertPending  rtx_evr.o
    0x000010ca   0x000010ca   0x00000002   Code   RO          927    .text.EvrRtxMessageQueueInserted  rtx_evr.o
    0x000010cc   0x000010cc   0x00000002   Code   RO          929    .text.EvrRtxMessageQueueNotInserted  rtx_evr.o
    0x000010ce   0x000010ce   0x00000002   Code   RO          939    .text.EvrRtxMessageQueueNotRetrieved  rtx_evr.o
    0x000010d0   0x000010d0   0x00000002   Code   RO          919    .text.EvrRtxMessageQueuePut  rtx_evr.o
    0x000010d2   0x000010d2   0x00000002   Code   RO          921    .text.EvrRtxMessageQueuePutPending  rtx_evr.o
    0x000010d4   0x000010d4   0x00000002   Code   RO          923    .text.EvrRtxMessageQueuePutTimeout  rtx_evr.o
    0x000010d6   0x000010d6   0x00000002   Code   RO          937    .text.EvrRtxMessageQueueRetrieved  rtx_evr.o
    0x000010d8   0x000010d8   0x00000002   Code   RO          827    .text.EvrRtxMutexAcquire  rtx_evr.o
    0x000010da   0x000010da   0x00000002   Code   RO          829    .text.EvrRtxMutexAcquirePending  rtx_evr.o
    0x000010dc   0x000010dc   0x00000002   Code   RO          831    .text.EvrRtxMutexAcquireTimeout  rtx_evr.o
    0x000010de   0x000010de   0x00000002   Code   RO          833    .text.EvrRtxMutexAcquired  rtx_evr.o
    0x000010e0   0x000010e0   0x00000002   Code   RO          823    .text.EvrRtxMutexCreated  rtx_evr.o
    0x000010e2   0x000010e2   0x00000002   Code   RO          819    .text.EvrRtxMutexError  rtx_evr.o
    0x000010e4   0x000010e4   0x00000002   Code   RO          821    .text.EvrRtxMutexNew  rtx_evr.o
    0x000010e6   0x000010e6   0x00000002   Code   RO          835    .text.EvrRtxMutexNotAcquired  rtx_evr.o
    0x000010e8   0x000010e8   0x00000002   Code   RO          837    .text.EvrRtxMutexRelease  rtx_evr.o
    0x000010ea   0x000010ea   0x00000002   Code   RO          839    .text.EvrRtxMutexReleased  rtx_evr.o
    0x000010ec   0x000010ec   0x00000002   Code   RO          859    .text.EvrRtxSemaphoreAcquireTimeout  rtx_evr.o
    0x000010ee   0x000010ee   0x00000002   PAD
    0x000010f0   0x000010f0   0x0000012c   Code   RO          502    .text.EvrRtxThreadBlocked  new_events.o
    0x0000121c   0x0000121c   0x00000018   Code   RO          498    .text.EvrRtxThreadCreated  new_events.o
    0x00001234   0x00001234   0x00000002   Code   RO          707    .text.EvrRtxThreadDestroyed  rtx_evr.o
    0x00001236   0x00001236   0x00000002   Code   RO          649    .text.EvrRtxThreadError  rtx_evr.o
    0x00001238   0x00001238   0x00000002   Code   RO          703    .text.EvrRtxThreadExit  rtx_evr.o
    0x0000123a   0x0000123a   0x00000002   Code   RO          729    .text.EvrRtxThreadFlagsError  rtx_evr.o
    0x0000123c   0x0000123c   0x00000002   Code   RO          731    .text.EvrRtxThreadFlagsSet  rtx_evr.o
    0x0000123e   0x0000123e   0x00000002   Code   RO          733    .text.EvrRtxThreadFlagsSetDone  rtx_evr.o
    0x00001240   0x00001240   0x00000002   Code   RO          741    .text.EvrRtxThreadFlagsWait  rtx_evr.o
    0x00001242   0x00001242   0x00000002   Code   RO          747    .text.EvrRtxThreadFlagsWaitCompleted  rtx_evr.o
    0x00001244   0x00001244   0x00000002   Code   RO          749    .text.EvrRtxThreadFlagsWaitNotCompleted  rtx_evr.o
    0x00001246   0x00001246   0x00000002   Code   RO          743    .text.EvrRtxThreadFlagsWaitPending  rtx_evr.o
    0x00001248   0x00001248   0x00000002   Code   RO          745    .text.EvrRtxThreadFlagsWaitTimeout  rtx_evr.o
    0x0000124a   0x0000124a   0x00000002   Code   RO          661    .text.EvrRtxThreadGetId  rtx_evr.o
    0x0000124c   0x0000124c   0x00000002   Code   RO          693    .text.EvrRtxThreadJoined  rtx_evr.o
    0x0000124e   0x0000124e   0x00000002   Code   RO          651    .text.EvrRtxThreadNew  rtx_evr.o
    0x00001250   0x00001250   0x000000a0   Code   RO          506    .text.EvrRtxThreadPreempted  new_events.o
    0x000012f0   0x000012f0   0x000000a4   Code   RO          504    .text.EvrRtxThreadSwitched  new_events.o
    0x00001394   0x00001394   0x00000002   Code   RO          697    .text.EvrRtxThreadUnblocked  rtx_evr.o
    0x00001396   0x00001396   0x00000002   Code   RO          765    .text.EvrRtxTimerCallback  rtx_evr.o
    0x00001398   0x00001398   0x00000002   Code   RO          769    .text.EvrRtxTimerCreated  rtx_evr.o
    0x0000139a   0x0000139a   0x00000002   Code   RO          763    .text.EvrRtxTimerError  rtx_evr.o
    0x0000139c   0x0000139c   0x00000002   Code   RO          767    .text.EvrRtxTimerNew  rtx_evr.o
    0x0000139e   0x0000139e   0x00000002   Code   RO          773    .text.EvrRtxTimerStart  rtx_evr.o
    0x000013a0   0x000013a0   0x00000002   Code   RO          775    .text.EvrRtxTimerStarted  rtx_evr.o
    0x000013a2   0x000013a2   0x00000002   Code   RO          777    .text.EvrRtxTimerStop  rtx_evr.o
    0x000013a4   0x000013a4   0x00000002   Code   RO          779    .text.EvrRtxTimerStopped  rtx_evr.o
    0x000013a6   0x000013a6   0x00000002   PAD
    0x000013a8   0x000013a8   0x00000044   Code   RO           31    .text.Get_DMA_Transfers_Completed  dma.o
    0x000013ec   0x000013ec   0x00000058   Code   RO            2    .text.Init_Debug_Signals  debug.o
    0x00001444   0x00001444   0x0000006c   Code   RO           73    .text.Init_RGB_LEDs  leds.o
    0x000014b0   0x000014b0   0x00000060   Code   RO           89    .text.Instrumented_Delay_Loop  main.o
    0x00001510   0x00001510   0x00000094   Code   RO          383    .text.LCD_Controller_Init  st7789.o
    0x000015a4   0x000015a4   0x00000018   Code   RO          371    .text.LCD_Create_OS_Objects  st7789.o
    0x000015bc   0x000015bc   0x00000254   Code   RO          317    .text.LCD_Draw_Line  lcd_graphics.o
    0x00001810   0x00001810   0x00000010   Code   RO          336    .text.LCD_Erase     lcd_text.o
    0x00001820   0x00001820   0x0000012c   Code   RO          389    .text.LCD_Fill_Buffer  st7789.o
    0x0000194c   0x0000194c   0x000001a8   Code   RO          391    .text.LCD_Fill_Rectangle  st7789.o
    0x00001af4   0x00001af4   0x000000b8   Code   RO          373    .text.LCD_GPIO_Init  st7789.o
    0x00001bac   0x00001bac   0x00000060   Code   RO          385    .text.LCD_Init      st7789.o
    0x00001c0c   0x00001c0c   0x00000144   Code   RO          387    .text.LCD_Plot_Pixel  st7789.o
    0x00001d50   0x00001d50   0x00000038   Code   RO          377    .text.LCD_Set_Backlight_Brightness  st7789.o
    0x00001d88   0x00001d88   0x000000b4   Code   RO          409    .text.LCD_Set_Controller_Power_Mode  st7789.o
    0x00001e3c   0x00001e3c   0x0000015c   Code   RO          393    .text.LCD_Start_Rectangle  st7789.o
    0x00001f98   0x00001f98   0x00000020   Code   RO          428    .text.LCD_TS_Init   touchscreen.o
    0x00001fb8   0x00001fb8   0x000001e8   Code   RO          430    .text.LCD_TS_Read   touchscreen.o
    0x000021a0   0x000021a0   0x00000084   Code   RO          338    .text.LCD_Text_Init  lcd_text.o
    0x00002224   0x00002224   0x000001c0   Code   RO          342    .text.LCD_Text_PrintChar  lcd_text.o
    0x000023e4   0x000023e4   0x00000060   Code   RO          344    .text.LCD_Text_PrintStr  lcd_text.o
    0x00002444   0x00002444   0x0000002c   Code   RO          346    .text.LCD_Text_PrintStr_RC  lcd_text.o
    0x00002470   0x00002470   0x00000058   Code   RO          395    .text.LCD_Write_Rectangle_Pixel  st7789.o
    0x000024c8   0x000024c8   0x00000030   Code   RO          191    .text.LED_Callback  threads.o
    0x000024f8   0x000024f8   0x00000042   Code   RO         1165    .text.MessageQueueGet  rtx_msgqueue.o
    0x0000253a   0x0000253a   0x0000005e   Code   RO         1161    .text.MessageQueuePut  rtx_msgqueue.o
    0x00002598   0x00002598   0x00000008   Code   RO         1496    .text.OS_Tick_AcknowledgeIRQ  os_systick.o
    0x000025a0   0x000025a0   0x00000020   Code   RO         1492    .text.OS_Tick_Enable  os_systick.o
    0x000025c0   0x000025c0   0x00000008   Code   RO         1500    .text.OS_Tick_GetClock  os_systick.o
    0x000025c8   0x000025c8   0x00000014   Code   RO         1504    .text.OS_Tick_GetCount  os_systick.o
    0x000025dc   0x000025dc   0x00000006   Code   RO         1498    .text.OS_Tick_GetIRQn  os_systick.o
    0x000025e2   0x000025e2   0x00000002   PAD
    0x000025e4   0x000025e4   0x0000000c   Code   RO         1502    .text.OS_Tick_GetInterval  os_systick.o
    0x000025f0   0x000025f0   0x00000010   Code   RO         1506    .text.OS_Tick_GetOverflow  os_systick.o
    0x00002600   0x00002600   0x00000048   Code   RO         1490    .text.OS_Tick_Setup  os_systick.o
    0x00002648   0x00002648   0x00000044   Code   RO          221    .text.PIT_IRQHandler  timers.o
    0x0000268c   0x0000268c   0x00000088   Code   RO          229    .text.PWM_Init      timers.o
    0x00002714   0x00002714   0x00000008   Code   RO          231    .text.PWM_Set_Value  timers.o
    0x0000271c   0x0000271c   0x00000064   Code   RO          157    .text.Play_Tone     sound.o
    0x00002780   0x00002780   0x00000094   Code   RO          462    .text.Process_Profile_Sample  profile.o
    0x00002814   0x00002814   0x00000050   Code   RO           95    .text.Select_FEI_Fast  main.o
    0x00002864   0x00002864   0x0000002c   Code   RO           17    .text.ShortDelay    delay.o
    0x00002890   0x00002890   0x00000048   Code   RO          139    .text.SineTable_Init  sound.o
    0x000028d8   0x000028d8   0x0000004c   Code   RO          149    .text.Sound_Create_OS_Objects  sound.o
    0x00002924   0x00002924   0x00000010   Code   RO          155    .text.Sound_Enable_Amp  sound.o
    0x00002934   0x00002934   0x00000084   Code   RO          159    .text.Sound_Generate_Next_Sample  sound.o
    0x000029b8   0x000029b8   0x000000b4   Code   RO          147    .text.Sound_Init    sound.o
    0x00002a6c   0x00002a6c   0x00000058   Code   RO           33    .text.Start_DMA_Playback  dma.o
    0x00002ac4   0x00002ac4   0x0000010c   Code   RO         1583    .text.SystemCoreClockUpdate  system_mkl25z4.o
    0x00002bd0   0x00002bd0   0x000000dc   Code   RO         1581    .text.SystemInit    system_mkl25z4.o
    0x00002cac   0x00002cac   0x00000010   Code   RO          239    .text.TPM0_IRQHandler  timers.o
    0x00002cbc   0x00002cbc   0x0000000c   Code   RO          247    .text.TPM2_IRQHandler  timers.o
    0x00002cc8   0x00002cc8   0x00000020   Code   RO          241    .text.TPM2_Init     timers.o
    0x00002ce8   0x00002ce8   0x00000010   Code   RO          245    .text.TPM2_Start    timers.o
    0x00002cf8   0x00002cf8   0x0000004a   Code   RO         1390    .text.ThreadFlagsCheck  rtx_thread.o
    0x00002d42   0x00002d42   0x00000002   PAD
    0x00002d44   0x00002d44   0x00000110   Code   RO          189    .text.Thread_Read_Accelerometer  threads.o
    0x00002e54   0x00002e54   0x00000184   Code   RO          187    .text.Thread_Read_TS  threads.o
    0x00002fd8   0x00002fd8   0x00000160   Code   RO          153    .text.Thread_Refill_SoundBuffer  sound.o
    0x00003138   0x00003138   0x000000f0   Code   RO          151    .text.Thread_Sound_Manager  sound.o
    0x00003228   0x00003228   0x00000048   Code   RO         1467    .text.TimerInsert   rtx_timer.o
    0x00003270   0x00003270   0x0000002c   Code   RO         1473    .text.TimerRemove   rtx_timer.o
    0x0000329c   0x0000329c   0x00000024   Code   RO          267    .text.UI_Accel_TF   text_ui.o
    0x000032c0   0x000032c0   0x0000000e   Code   RO          259    .text.UI_Audio_TF   text_ui.o
    0x000032ce   0x000032ce   0x00000002   PAD
    0x000032d0   0x000032d0   0x0000007c   Code   RO          271    .text.UI_Draw_Labels  text_ui.o
    0x0000334c   0x0000334c   0x00000020   Code   RO          273    .text.UI_Init       text_ui.o
    0x0000336c   0x0000336c   0x00000084   Code   RO          263    .text.UI_LCD_TF     text_ui.o
    0x000033f0   0x000033f0   0x00000014   Code   RO          265    .text.UI_MCU_TF     text_ui.o
    0x00003404   0x00003404   0x0000006c   Code   RO          269    .text.UI_Process_Touch  text_ui.o
    0x00003470   0x00003470   0x00000034   Code   RO          261    .text.UI_RGB_TF     text_ui.o
    0x000034a4   0x000034a4   0x00000090   Code   RO           50    .text.i2c_busy      i2c.o
    0x00003534   0x00003534   0x0000005c   Code   RO           48    .text.i2c_init      i2c.o
    0x00003590   0x00003590   0x00000058   Code   RO           60    .text.i2c_read_byte  i2c.o
    0x000035e8   0x000035e8   0x00000030   Code   RO           56    .text.i2c_read_setup  i2c.o
    0x00003618   0x00003618   0x00000030   Code   RO           58    .text.i2c_repeated_read  i2c.o
    0x00003648   0x00003648   0x00000014   Code   RO           54    .text.i2c_start     i2c.o
    0x0000365c   0x0000365c   0x0000002c   Code   RO           52    .text.i2c_wait      i2c.o
    0x00003688   0x00003688   0x00000038   Code   RO           62    .text.i2c_write_byte  i2c.o
    0x000036c0   0x000036c0   0x00000042   Code   RO          110    .text.init_mma      mma8451.o
    0x00003702   0x00003702   0x00000002   PAD
    0x00003704   0x00003704   0x000000cc   Code   RO           99    .text.main          main.o
    0x000037d0   0x000037d0   0x00000034   Code   RO          530    .text.osDelayUntil  rtx_delay.o
    0x00003804   0x00003804   0x0000002c   Code   RO          974    .text.osKernelGetState  rtx_kernel.o
    0x00003830   0x00003830   0x00000024   Code   RO         1006    .text.osKernelGetSysTimerCount  rtx_kernel.o
    0x00003854   0x00003854   0x00000024   Code   RO         1010    .text.osKernelGetSysTimerFreq  rtx_kernel.o
    0x00003878   0x00003878   0x00000024   Code   RO          998    .text.osKernelGetTickCount  rtx_kernel.o
    0x0000389c   0x0000389c   0x00000034   Code   RO          968    .text.osKernelInitialize  rtx_kernel.o
    0x000038d0   0x000038d0   0x00000030   Code   RO          978    .text.osKernelStart  rtx_kernel.o
    0x00003900   0x00003900   0x00000098   Code   RO         1137    .text.osMessageQueueGet  rtx_msgqueue.o
    0x00003998   0x00003998   0x0000009c   Code   RO         1135    .text.osMessageQueuePut  rtx_msgqueue.o
    0x00003a34   0x00003a34   0x0000003c   Code   RO         1192    .text.osMutexAcquire  rtx_mutex.o
    0x00003a70   0x00003a70   0x00000038   Code   RO         1186    .text.osMutexNew    rtx_mutex.o
    0x00003aa8   0x00003aa8   0x00000038   Code   RO         1194    .text.osMutexRelease  rtx_mutex.o
    0x00003ae0   0x00003ae0   0x00000002   Code   RO         1519    .text.osRtxErrorNotify  rtx_config.o
    0x00003ae2   0x00003ae2   0x00000002   PAD
    0x00003ae4   0x00003ae4   0x00000020   Code   RO         1517    .text.osRtxIdleThread  rtx_config.o
    0x00003b04   0x00003b04   0x00000002   Code   RO          964    .text.osRtxKernelBeforeInit  rtx_kernel.o
    0x00003b06   0x00003b06   0x00000014   Code   RO          966    .text.osRtxKernelErrorNotify  rtx_kernel.o
    0x00003b1a   0x00003b1a   0x00000088   Code   RO         1060    .text.osRtxMemoryAlloc  rtx_memory.o
    0x00003ba2   0x00003ba2   0x00000050   Code   RO         1062    .text.osRtxMemoryFree  rtx_memory.o
    0x00003bf2   0x00003bf2   0x0000003a   Code   RO         1058    .text.osRtxMemoryInit  rtx_memory.o
    0x00003c2c   0x00003c2c   0x00000032   Code   RO         1074    .text.osRtxMemoryPoolAlloc  rtx_mempool.o
    0x00003c5e   0x00003c5e   0x0000003c   Code   RO         1076    .text.osRtxMemoryPoolFree  rtx_mempool.o
    0x00003c9a   0x00003c9a   0x00000050   Code   RO         1072    .text.osRtxMemoryPoolInit  rtx_mempool.o
    0x00003cea   0x00003cea   0x000000fe   Code   RO         1159    .text.osRtxMessageQueuePostProcess  rtx_msgqueue.o
    0x00003de8   0x00003de8   0x00000024   Code   RO         1125    .text.osRtxMessageQueueTimerSetup  rtx_msgqueue.o
    0x00003e0c   0x00003e0c   0x00000052   Code   RO         1182    .text.osRtxMutexOwnerRelease  rtx_mutex.o
    0x00003e5e   0x00003e5e   0x00000048   Code   RO         1184    .text.osRtxMutexOwnerRestore  rtx_mutex.o
    0x00003ea6   0x00003ea6   0x00000002   PAD
    0x00003ea8   0x00003ea8   0x00000088   Code   RO         1260    .text.osRtxPendSV_Handler  rtx_system.o
    0x00003f30   0x00003f30   0x00000064   Code   RO         1262    .text.osRtxPostProcess  rtx_system.o
    0x00003f94   0x00003f94   0x00000002   Code   RO         1308    .text.osRtxThreadBeforeFree  rtx_thread.o
    0x00003f96   0x00003f96   0x00000002   PAD
    0x00003f98   0x00003f98   0x00000038   Code   RO         1294    .text.osRtxThreadBlock  rtx_thread.o
    0x00003fd0   0x00003fd0   0x0000008c   Code   RO         1300    .text.osRtxThreadDelayInsert  rtx_thread.o
    0x0000405c   0x0000405c   0x00000044   Code   RO         1282    .text.osRtxThreadDelayRemove  rtx_thread.o
    0x000040a0   0x000040a0   0x000000c0   Code   RO         1284    .text.osRtxThreadDelayTick  rtx_thread.o
    0x00004160   0x00004160   0x00000034   Code   RO         1304    .text.osRtxThreadDestroy  rtx_thread.o
    0x00004194   0x00004194   0x0000004c   Code   RO         1292    .text.osRtxThreadDispatch  rtx_thread.o
    0x000041e0   0x000041e0   0x00000060   Code   RO         1306    .text.osRtxThreadFree  rtx_thread.o
    0x00004240   0x00004240   0x00000026   Code   RO         1302    .text.osRtxThreadJoinWakeup  rtx_thread.o
    0x00004266   0x00004266   0x00000014   Code   RO         1274    .text.osRtxThreadListGet  rtx_thread.o
    0x0000427a   0x0000427a   0x0000002c   Code   RO         1272    .text.osRtxThreadListPut  rtx_thread.o
    0x000042a6   0x000042a6   0x00000016   Code   RO         1278    .text.osRtxThreadListRemove  rtx_thread.o
    0x000042bc   0x000042bc   0x0000000c   Code   RO         1286    .text.osRtxThreadListRoot  rtx_thread.o
    0x000042c8   0x000042c8   0x00000024   Code   RO         1276    .text.osRtxThreadListSort  rtx_thread.o
    0x000042ec   0x000042ec   0x00000038   Code   RO         1388    .text.osRtxThreadPostProcess  rtx_thread.o
    0x00004324   0x00004324   0x00000018   Code   RO         1280    .text.osRtxThreadReadyPut  rtx_thread.o
    0x0000433c   0x0000433c   0x00000006   Code   RO         1288    .text.osRtxThreadRegPtr  rtx_thread.o
    0x00004342   0x00004342   0x00000002   PAD
    0x00004344   0x00004344   0x00000044   Code   RO         1310    .text.osRtxThreadStartup  rtx_thread.o
    0x00004388   0x00004388   0x0000002c   Code   RO         1290    .text.osRtxThreadSwitch  rtx_thread.o
    0x000043b4   0x000043b4   0x00000048   Code   RO         1298    .text.osRtxThreadWaitEnter  rtx_thread.o
    0x000043fc   0x000043fc   0x00000028   Code   RO         1296    .text.osRtxThreadWaitExit  rtx_thread.o
    0x00004424   0x00004424   0x0000007c   Code   RO         1258    .text.osRtxTick_Handler  rtx_system.o
    0x000044a0   0x000044a0   0x00000020   Code   RO         1447    .text.osRtxTimerSetup  rtx_timer.o
    0x000044c0   0x000044c0   0x00000024   Code   RO         1451    .text.osRtxTimerThread  rtx_timer.o
    0x000044e4   0x000044e4   0x00000074   Code   RO         1449    .text.osRtxTimerTick  rtx_timer.o
    0x00004558   0x00004558   0x00000006   Code   RO         1386    .text.osThreadEntry  rtx_thread.o
    0x0000455e   0x0000455e   0x00000002   PAD
    0x00004560   0x00004560   0x00000018   Code   RO         1352    .text.osThreadExit  rtx_thread.o
    0x00004578   0x00004578   0x00000078   Code   RO         1378    .text.osThreadFlagsSet  rtx_thread.o
    0x000045f0   0x000045f0   0x00000040   Code   RO         1384    .text.osThreadFlagsWait  rtx_thread.o
    0x00004630   0x00004630   0x00000024   Code   RO         1328    .text.osThreadGetId  rtx_thread.o
    0x00004654   0x00004654   0x00000040   Code   RO         1314    .text.osThreadNew   rtx_thread.o
    0x00004694   0x00004694   0x00000044   Code   RO         1453    .text.osTimerNew    rtx_timer.o
    0x000046d8   0x000046d8   0x0000003c   Code   RO         1459    .text.osTimerStart  rtx_timer.o
    0x00004714   0x00004714   0x00000038   Code   RO         1461    .text.osTimerStop   rtx_timer.o
    0x0000474c   0x0000474c   0x00000054   Code   RO          112    .text.read_full_xyz  mma8451.o
    0x000047a0   0x000047a0   0x0000003c   Code   RO          534    .text.svcRtxDelayUntil  rtx_delay.o
    0x000047dc   0x000047dc   0x00000014   Code   RO          976    .text.svcRtxKernelGetState  rtx_kernel.o
    0x000047f0   0x000047f0   0x00000030   Code   RO         1008    .text.svcRtxKernelGetSysTimerCount  rtx_kernel.o
    0x00004820   0x00004820   0x00000010   Code   RO         1012    .text.svcRtxKernelGetSysTimerFreq  rtx_kernel.o
    0x00004830   0x00004830   0x00000014   Code   RO         1000    .text.svcRtxKernelGetTickCount  rtx_kernel.o
    0x00004844   0x00004844   0x00000148   Code   RO         1014    .text.svcRtxKernelInitialize  rtx_kernel.o
    0x0000498c   0x0000498c   0x0000007c   Code   RO         1016    .text.svcRtxKernelStart  rtx_kernel.o
    0x00004a08   0x00004a08   0x0000011c   Code   RO         1167    .text.svcRtxMessageQueueGet  rtx_msgqueue.o
    0x00004b24   0x00004b24   0x000001f4   Code   RO         1127    .text.svcRtxMessageQueueNew  rtx_msgqueue.o
    0x00004d18   0x00004d18   0x000000f0   Code   RO         1163    .text.svcRtxMessageQueuePut  rtx_msgqueue.o
    0x00004e08   0x00004e08   0x000000e0   Code   RO         1202    .text.svcRtxMutexAcquire  rtx_mutex.o
    0x00004ee8   0x00004ee8   0x000000a8   Code   RO         1200    .text.svcRtxMutexNew  rtx_mutex.o
    0x00004f90   0x00004f90   0x000000fc   Code   RO         1204    .text.svcRtxMutexRelease  rtx_mutex.o
    0x0000508c   0x0000508c   0x0000004c   Code   RO         1414    .text.svcRtxThreadExit  rtx_thread.o
    0x000050d8   0x000050d8   0x0000008c   Code   RO         1430    .text.svcRtxThreadFlagsSet  rtx_thread.o
    0x00005164   0x00005164   0x0000009c   Code   RO         1436    .text.svcRtxThreadFlagsWait  rtx_thread.o
    0x00005200   0x00005200   0x00000014   Code   RO         1330    .text.svcRtxThreadGetId  rtx_thread.o
    0x00005214   0x00005214   0x00000258   Code   RO         1312    .text.svcRtxThreadNew  rtx_thread.o
    0x0000546c   0x0000546c   0x000000c8   Code   RO         1469    .text.svcRtxTimerNew  rtx_timer.o
    0x00005534   0x00005534   0x00000060   Code   RO         1471    .text.svcRtxTimerStart  rtx_timer.o
    0x00005594   0x00005594   0x00000040   Code   RO         1475    .text.svcRtxTimerStop  rtx_timer.o
    0x000055d4   0x000055d4   0x00000028   Code   RO         1861    i.__0sprintf        mc_p.l(printfa.o)
    0x000055fc   0x000055fc   0x0000002e   Code   RO         2011    i.__ARM_clz         mf_p.l(depilogue.o)
    0x0000562a   0x0000562a   0x00000032   Code   RO         1958    i.__ARM_common_ll_muluu  m_ps.l(rredf.o)
    0x0000565c   0x0000565c   0x00000022   Code   RO         1938    i.__ARM_fpclassifyf  m_ps.l(fpclassifyf.o)
    0x0000567e   0x0000567e   0x0000000a   Code   RO         1941    i.__mathlib_flt_infnan  m_ps.l(funder.o)
    0x00005688   0x00005688   0x0000000c   Code   RO         1943    i.__mathlib_flt_invalid  m_ps.l(funder.o)
    0x00005694   0x00005694   0x0000000e   Code   RO         1946    i.__mathlib_flt_underflow  m_ps.l(funder.o)
    0x000056a2   0x000056a2   0x00000002   PAD
    0x000056a4   0x000056a4   0x00000180   Code   RO         1955    i.__mathlib_rredf2  m_ps.l(rredf.o)
    0x00005824   0x00005824   0x0000000e   Code   RO         2041    i.__scatterload_copy  mc_p.l(handlers.o)
    0x00005832   0x00005832   0x00000002   Code   RO         2042    i.__scatterload_null  mc_p.l(handlers.o)
    0x00005834   0x00005834   0x0000000e   Code   RO         2043    i.__scatterload_zeroinit  mc_p.l(handlers.o)
    0x00005842   0x00005842   0x00000002   PAD
    0x00005844   0x00005844   0x0000000c   Code   RO         1997    i.__set_errno       mc_p.l(errno.o)
    0x00005850   0x00005850   0x00000174   Code   RO         1866    i._fp_digits        mc_p.l(printfa.o)
    0x000059c4   0x000059c4   0x000006ec   Code   RO         1867    i._printf_core      mc_p.l(printfa.o)
    0x000060b0   0x000060b0   0x00000020   Code   RO         1868    i._printf_post_padding  mc_p.l(printfa.o)
    0x000060d0   0x000060d0   0x0000002c   Code   RO         1869    i._printf_pre_padding  mc_p.l(printfa.o)
    0x000060fc   0x000060fc   0x0000000a   Code   RO         1871    i._sputc            mc_p.l(printfa.o)
    0x00006106   0x00006106   0x00000002   PAD
    0x00006108   0x00006108   0x00000184   Code   RO         1598    i.sinf              m_ps.l(sinf.o)
    0x0000628c   0x0000628c   0x00000020   Data   RO         1956    .constdata          m_ps.l(rredf.o)
    0x000062ac   0x000062ac   0x00000070   Data   RO         1044    .rodata             rtx_lib.o
    0x0000631c   0x0000631c   0x00000038   Data   RO         1047    .rodata             rtx_lib.o
    0x00006354   0x00006354   0x00000018   Data   RO         1558    .rodata.EventRecorderInfo  eventrecorder.o
    0x0000636c   0x0000636c   0x0000008e   Data   RO          417    .rodata.Init_Seq_ST7789  st7789.o
    0x000063fa   0x000063fa   0x00000002   PAD
    0x000063fc   0x000063fc   0x00000010   Data   RO          412    .rodata.LCD_mutex_attr  st7789.o
    0x0000640c   0x0000640c   0x0000000f   Data   RO          211    .rodata.LED_values  threads.o
    0x0000641b   0x0000641b   0x00000001   PAD
    0x0000641c   0x0000641c   0x00000004   Data   RO          486    .rodata.NumProfileRegions  region.o
    0x00006420   0x00006420   0x00000024   Data   RO          206    .rodata.Read_Accelerometer_attr  threads.o
    0x00006444   0x00006444   0x00000024   Data   RO          205    .rodata.Read_TS_attr  threads.o
    0x00006468   0x00006468   0x00000024   Data   RO          168    .rodata.Refill_SoundBuffer_attr  sound.o
    0x0000648c   0x0000648c   0x00000020   Data   RO          485    .rodata.RegionTable  region.o
    0x000064ac   0x000064ac   0x00000080   Data   RO          166    .rodata.ScalePeriods  sound.o
    0x0000652c   0x0000652c   0x00000024   Data   RO          167    .rodata.Sound_Manager_attr  sound.o
    0x00006550   0x00006550   0x00000010   Data   RO          170    .rodata.Voice_mutex_attr  sound.o
    0x00006560   0x00006560   0x00000003   Data   RO          352    .rodata.char_heights  lcd_text.o
    0x00006563   0x00006563   0x00000003   Data   RO          351    .rodata.char_widths  lcd_text.o
    0x00006566   0x00006566   0x00000002   PAD
    0x00006568   0x00006568   0x00000004   Data   RO         1046    .rodata.osRtxUserSVC  rtx_lib.o
    0x0000656c   0x0000656c   0x00000024   Data   RO         1041    .rodata.os_idle_thread_attr  rtx_lib.o
    0x00006590   0x00006590   0x00000018   Data   RO         1043    .rodata.os_timer_mq_attr  rtx_lib.o
    0x000065a8   0x000065a8   0x00000024   Data   RO         1042    .rodata.os_timer_thread_attr  rtx_lib.o
    0x000065cc   0x000065cc   0x0000000c   Data   RO          169    .rodata.str1.1      sound.o
    0x000065d8   0x000065d8   0x0000000a   Data   RO          411    .rodata.str1.1      st7789.o
    0x000065e2   0x000065e2   0x00000002   PAD
    0x000065e4   0x000065e4   0x0000000b   Data   RO         1030    .rodata.str1.4      rtx_kernel.o
    0x000065ef   0x000065ef   0x00000001   PAD
    0x000065f0   0x000065f0   0x00000020   Data   RO         2040    Region$$Table       anon$$obj.o


    Execution Region ER_RW (Exec base: 0x1ffff000, Load base: 0x00006610, Size: 0x0000039c, Max: 0xffffffff, ABSOLUTE, COMPRESSED[0x00000108])

    Exec Addr    Load Addr    Size         Type   Attr      Idx    E Section Name        Object

    0x1ffff000   COMPRESSED   0x00000004   Data   RW         1998    .data               mc_p.l(errno.o)
    0x1ffff004   COMPRESSED   0x0000000d   Data   RW          275    .data.BlankStateLabel  text_ui.o
    0x1ffff011   COMPRESSED   0x00000003   PAD
    0x1ffff014   COMPRESSED   0x00000004   Data   RW          198    .data.LCD_BL_PSave_brightness  threads.o
    0x1ffff018   COMPRESSED   0x00000004   Data   RW          197    .data.LCD_BL_on     threads.o
    0x1ffff01c   COMPRESSED   0x00000004   Data   RW          196    .data.LCD_BL_time_left  threads.o
    0x1ffff020   COMPRESSED   0x00000004   Data   RW          201    .data.LCD_Ctlr_on   threads.o
    0x1ffff024   COMPRESSED   0x00000004   Data   RW          200    .data.LCD_Ctlr_time_left  threads.o
    0x1ffff028   COMPRESSED   0x00000001   Data   RW          436    .data.LCD_TS_Calibrated  touchscreen.o
    0x1ffff029   COMPRESSED   0x00000003   PAD
    0x1ffff02c   COMPRESSED   0x00000004   Data   RW          438    .data.LCD_TS_X_Offset  touchscreen.o
    0x1ffff030   COMPRESSED   0x00000004   Data   RW          437    .data.LCD_TS_X_Scale  touchscreen.o
    0x1ffff034   COMPRESSED   0x00000004   Data   RW          440    .data.LCD_TS_Y_Offset  touchscreen.o
    0x1ffff038   COMPRESSED   0x00000004   Data   RW          439    .data.LCD_TS_Y_Scale  touchscreen.o
    0x1ffff03c   COMPRESSED   0x00000004   Data   RW         1585    .data.SystemCoreClock  system_mkl25z4.o
    0x1ffff040   COMPRESSED   0x00000050   Data   RW          280    .data.UIC_Acc       text_ui.o
    0x1ffff090   COMPRESSED   0x00000050   Data   RW          276    .data.UIC_Audio     text_ui.o
    0x1ffff0e0   COMPRESSED   0x00000050   Data   RW          278    .data.UIC_LCD       text_ui.o
    0x1ffff130   COMPRESSED   0x00000050   Data   RW          279    .data.UIC_MCU       text_ui.o
    0x1ffff180   COMPRESSED   0x00000050   Data   RW          277    .data.UIC_RGB       text_ui.o
    0x1ffff1d0   COMPRESSED   0x00000014   Data   RW          281    .data.UICs          text_ui.o
    0x1ffff1e4   COMPRESSED   0x000000d0   Data   RW            6    .data.debug_GPIO    debug.o
    0x1ffff2b4   COMPRESSED   0x00000004   Data   RW          194    .data.enable_accel  threads.o
    0x1ffff2b8   COMPRESSED   0x0000000c   Data   RW          350    .data.fonts         lcd_text.o
    0x1ffff2c4   COMPRESSED   0x000000a4   Data   RW         1031    .data.os            rtx_kernel.o
    0x1ffff368   COMPRESSED   0x0000000c   Data   RW         1173    .data.os.msgqueue.obj  rtx_msgqueue.o
    0x1ffff374   COMPRESSED   0x0000000c   Data   RW         1210    .data.os.mutex.obj  rtx_mutex.o
    0x1ffff380   COMPRESSED   0x0000000c   Data   RW         1438    .data.os.thread.obj  rtx_thread.o
    0x1ffff38c   COMPRESSED   0x0000000c   Data   RW         1481    .data.os.timer.obj  rtx_timer.o
    0x1ffff398   COMPRESSED   0x00000003   Data   RW          292    .data.red           colors.o


    Execution Region ER_ZI (Exec base: 0x1ffff3c0, Load base: 0x00006718, Size: 0x00002070, Max: 0xffffffff, ABSOLUTE)

    Exec Addr    Load Addr    Size         Type   Attr      Idx    E Section Name        Object

    0x1ffff3c0        -       0x00000028   Zero   RW          512    .bss..L_MergedGlobals  new_events.o
    0x1ffff3e8        -       0x00000004   Zero   RW           39    .bss.DMA_Playback_Count  dma.o
    0x1ffff3ec        -       0x00000001   Zero   RW          357    .bss.G_LCD_char_height  lcd_text.o
    0x1ffff3ed        -       0x00000001   Zero   RW          356    .bss.G_LCD_char_width  lcd_text.o
    0x1ffff3ee   0x00006718   0x00000002   PAD
    0x1ffff3f0        -       0x00000004   Zero   RW           64    .bss.I2C_OK         i2c.o
    0x1ffff3f4        -       0x00000004   Zero   RW          195    .bss.LCD_BL_auto_off  threads.o
    0x1ffff3f8        -       0x00000004   Zero   RW          199    .bss.LCD_Ctlr_auto_off  threads.o
    0x1ffff3fc        -       0x00000004   Zero   RW          415    .bss.LCD_mutex      st7789.o
    0x1ffff400        -       0x00000004   Zero   RW          414    .bss.LCD_on         st7789.o
    0x1ffff404        -       0x00000004   Zero   RW          212    .bss.LED_state      threads.o
    0x1ffff408        -       0x00000004   Zero   RW          209    .bss.LED_timer      threads.o
    0x1ffff40c        -       0x00000004   Zero   RW          474    .bss.PC_val         profile.o
    0x1ffff410        -       0x00000004   Zero   RW          202    .bss.RGB_cycle      threads.o
    0x1ffff414        -       0x00000004   Zero   RW          487    .bss.RegionCount    region.o
    0x1ffff418        -       0x00000004   Zero   RW           38    .bss.Reload_DMA_Byte_Count  dma.o
    0x1ffff41c        -       0x00000008   Zero   RW           37    .bss.Reload_DMA_Source  dma.o
    0x1ffff424        -       0x00000080   Zero   RW          171    .bss.SineTable      sound.o
    0x1ffff4a4        -       0x00000400   Zero   RW          172    .bss.SoundBuffer    sound.o
    0x1ffff8a4        -       0x00000001   Zero   RW         1559    .bss.SysTimerState  eventrecorder.o
    0x1ffff8a5        -       0x00000001   Zero   RW         1560    .bss.TS_OverflowLock  eventrecorder.o
    0x1ffff8a6   0x00006718   0x00000002   PAD
    0x1ffff8a8        -       0x000000a0   Zero   RW          173    .bss.Voice          sound.o
    0x1ffff948        -       0x00000004   Zero   RW          174    .bss.Voice_mutex    sound.o
    0x1ffff94c        -       0x00000001   Zero   RW          165    .bss.WriteSBNum     sound.o
    0x1ffff94d   0x00006718   0x00000001   PAD
    0x1ffff94e        -       0x00000002   Zero   RW          122    .bss.acc_X          mma8451.o
    0x1ffff950        -       0x00000002   Zero   RW          123    .bss.acc_Y          mma8451.o
    0x1ffff952        -       0x00000002   Zero   RW          124    .bss.acc_Z          mma8451.o
    0x1ffff954        -       0x00000004   Zero   RW          470    .bss.adx_lost       profile.o
    0x1ffff958        -       0x00000003   Zero   RW          354    .bss.bg             lcd_text.o
    0x1ffff95b   0x00006718   0x00000001   PAD
    0x1ffff95c        -       0x00000004   Zero   RW          193    .bss.enable_wfi     threads.o
    0x1ffff960        -       0x00000003   Zero   RW          353    .bss.fg             lcd_text.o
    0x1ffff963   0x00006718   0x00000001   PAD
    0x1ffff964        -       0x00000004   Zero   RW          355    .bss.font           lcd_text.o
    0x1ffff968        -       0x00000004   Zero   RW          358    .bss.font_header    lcd_text.o
    0x1ffff96c        -       0x00000004   Zero   RW          359    .bss.glyph_index    lcd_text.o
    0x1ffff970   0x00006718   0x00000010   PAD
    0x1ffff980        -       0x000004a4   Zero   RW         1557    .bss.noinit         eventrecorder.o
    0x1ffffe24        -       0x00000004   Zero   RW          471    .bss.num_lost       profile.o
    0x1ffffe28        -       0x00001040   Zero   RW         1040    .bss.os             rtx_lib.o
    0x20000e68        -       0x00000001   Zero   RW         1508    .bss.os             os_systick.o
    0x20000e69   0x00006718   0x00000003   PAD
    0x20000e6c        -       0x00000034   Zero   RW         1051    .bss.os.msgqueue.cb  rtx_lib.o
    0x20000ea0        -       0x00000050   Zero   RW         1052    .bss.os.msgqueue.mem  rtx_lib.o
    0x20000ef0        -       0x000000a0   Zero   RW         1048    .bss.os.thread.cb   rtx_lib.o
    0x20000f90        -       0x00000080   Zero   RW         1049    .bss.os.thread.idle.stack  rtx_lib.o
    0x20001010        -       0x00000200   Zero   RW         1050    .bss.os.thread.timer.stack  rtx_lib.o
    0x20001210        -       0x00000004   Zero   RW          472    .bss.profile_samples  profile.o
    0x20001214        -       0x00000004   Zero   RW          473    .bss.profiling_enabled  profile.o
    0x20001218        -       0x00000004   Zero   RW          208    .bss.t_Read_Accelerometer  threads.o
    0x2000121c        -       0x00000004   Zero   RW          207    .bss.t_Read_TS      threads.o
    0x20001220        -       0x00000004   Zero   RW          176    .bss.t_Refill_SoundBuffer  sound.o
    0x20001224        -       0x00000004   Zero   RW          175    .bss.t_Sound_Manager  sound.o
    0x20001228        -       0x00000004   Zero   RW          475    .bss.threadID       profile.o
    0x2000122c   0x00006718   0x00000004   PAD
    0x20001230        -       0x00000200   Zero   RW         1568    STACK               startup_mkl25z4.o


==============================================================================

Image component sizes


      Code (inc. data)   RO Data    RW Data    ZI Data      Debug   Object Name

         0          0          0          3          0       1001   colors.o
        88          0          0        208          0       2589   debug.o
        96         20          0          0          0        857   delay.o
       344         88          0          0         16       4943   dma.o
       856         48         24          0       1190      12815   eventrecorder.o
       540         24          0          0          4       3499   i2c.o
       164          8          0          0          0        786   irq_armv6m.o
       596          0          0          0          0       5516   lcd_graphics.o
       736         48          6         12         20       5582   lcd_text.o
       160         28          0          0          0       2117   leds.o
       380         56          0          0          0       5129   main.o
       150         12          0          0          6       2740   mma8451.o
       652          4          0          0         40       6320   new_events.o
       174         20          0          0          1       3449   os_systick.o
       148         32          0          0         24       3649   profile.o
         0          0         36          0          4        676   region.o
        34          8          0          0          0        775   rtx_config.o
       112          4          0          0          0       3197   rtx_delay.o
       134          0          0          0          0      25205   rtx_evr.o
       830         48         11        164          0      19028   rtx_kernel.o
         0          0        268          0       5092       5696   rtx_lib.o
       274          0          0          0          0       3168   rtx_memory.o
       190          0          0          0          0      15995   rtx_mempool.o
      1782         48          0         12          0      20431   rtx_msgqueue.o
       970         24          0         12          0      11403   rtx_mutex.o
       360         44          0          0          0       5047   rtx_system.o
      2544        106          0         12          0      41936   rtx_thread.o
       844         36          0         12          0      11581   rtx_timer.o
      1168        144        228          0       1325      10001   sound.o
      2172         92        168          0          8      13197   st7789.o
        56         30        192          0        512        852   startup_mkl25z4.o
       488         72          0          4          0       3359   system_mkl25z4.o
       518         52          0        433          0       3376   text_ui.o
       800        148         87         24         32       5023   threads.o
       316         44          0          0          0       6152   timers.o
       520         56          0         17          0       4542   touchscreen.o

    ----------------------------------------------------------------------
     19218       1344       1060        920       8304     271632   Object Totals
         0          0         32          0          0          0   (incl. Generated)
        22          0          8          7         30          0   (incl. Padding)

    ----------------------------------------------------------------------

      Code (inc. data)   RO Data    RW Data    ZI Data      Debug   Library Member Name

        34          0          0          0          0         60   fpclassifyf.o
        36          0          0          0          0        204   funder.o
       434         18         32          0          0        168   rredf.o
       388         58          0          0          0        104   sinf.o
        86          0          0          0          0          0   __dczerorl2.o
         0          0          0          0          0          0   entry.o
         0          0          0          0          0          0   entry10a.o
         0          0          0          0          0          0   entry11a.o
         8          4          0          0          0          0   entry2.o
         4          0          0          0          0          0   entry5.o
         0          0          0          0          0          0   entry7b.o
         0          0          0          0          0          0   entry8b.o
         8          4          0          0          0          0   entry9a.o
        12          6          0          4          0         60   errno.o
        30          0          0          0          0          0   handlers.o
        80          6          0          0          0         72   idiv_div0.o
        48         10          0          0          0         68   init.o
         0          0          0          0          0          0   iusefp.o
        32          0          0          0          0         68   llshl.o
        38          0          0          0          0         68   llsshr.o
        34          0          0          0          0         68   llushr.o
        36          0          0          0          0         60   memcpya.o
        36          0          0          0          0        100   memseta.o
      2270         94          0          0          0        472   printfa.o
        62          0          0          0          0         72   uidiv_div0.o
        96          0          0          0          0         84   uldiv.o
        40          2          0          0          0         68   cdrcmple.o
        56          0          0          0          0         68   d2f.o
       356          4          0          0          0        140   dadd.o
       240          6          0          0          0         84   ddiv.o
       236          0          0          0          0        216   depilogue.o
        64         10          0          0          0         68   dfixul.o
        28          4          0          0          0         68   dfltui.o
       208          6          0          0          0         88   dmul.o
        40          0          0          0          0         60   f2d.o
       178          0          0          0          0        108   fadd.o
       124          0          0          0          0         72   fdiv.o
       130          0          0          0          0        144   fepilogue.o
        50          0          0          0          0         60   ffixi.o
        40          0          0          0          0         60   ffixui.o
        22          0          0          0          0         68   fflti.o
        14          0          0          0          0         68   ffltui.o
       122          0          0          0          0         72   fmul.o
        62          0          0          0          0         68   frnd.o
        24          0          0          0          0         60   fscalb.o

    ----------------------------------------------------------------------
      5818        232         32          4          0       3368   Library Totals
        12          0          0          0          0          0   (incl. Padding)

    ----------------------------------------------------------------------

      Code (inc. data)   RO Data    RW Data    ZI Data      Debug   Library Name

       892         76         32          0          0        536   m_ps.l
      2880        124          0          4          0       1192   mc_p.l
      2034         32          0          0          0       1640   mf_p.l

    ----------------------------------------------------------------------
      5818        232         32          4          0       3368   Library Totals

    ----------------------------------------------------------------------

==============================================================================


      Code (inc. data)   RO Data    RW Data    ZI Data      Debug   

     25036       1576       1092        924       8304     272856   Grand Totals
     25036       1576       1092        264       8304     272856   ELF Image Totals (compressed)
     25036       1576       1092        264          0          0   ROM Totals

==============================================================================

    Total RO  Size (Code + RO Data)                26128 (  25.52kB)
    Total RW  Size (RW Data + ZI Data)              9228 (   9.01kB)
    Total ROM Size (Code + RO Data + RW Data)      26392 (  25.77kB)

==============================================================================

